Component: ARM Compiler 5.06 update 3 (build 300) Tool: armlink [4d35c9]

==============================================================================

Section Cross References

    startup_stm32f10x_hd.o(RESET) refers to startup_stm32f10x_hd.o(STACK) for __initial_sp
    startup_stm32f10x_hd.o(RESET) refers to startup_stm32f10x_hd.o(.text) for Reset_Handler
    startup_stm32f10x_hd.o(RESET) refers to stm32f10x_it.o(i.NMI_Handler) for NMI_Handler
    startup_stm32f10x_hd.o(RESET) refers to stm32f10x_it.o(i.HardFault_Handler) for HardFault_Handler
    startup_stm32f10x_hd.o(RESET) refers to stm32f10x_it.o(i.MemManage_Handler) for MemManage_Handler
    startup_stm32f10x_hd.o(RESET) refers to stm32f10x_it.o(i.BusFault_Handler) for BusFault_Handler
    startup_stm32f10x_hd.o(RESET) refers to stm32f10x_it.o(i.UsageFault_Handler) for UsageFault_Handler
    startup_stm32f10x_hd.o(RESET) refers to stm32f10x_it.o(i.SVC_Handler) for SVC_Handler
    startup_stm32f10x_hd.o(RESET) refers to stm32f10x_it.o(i.DebugMon_Handler) for DebugMon_Handler
    startup_stm32f10x_hd.o(RESET) refers to stm32f10x_it.o(i.PendSV_Handler) for PendSV_Handler
    startup_stm32f10x_hd.o(RESET) refers to stm32f10x_it.o(i.SysTick_Handler) for SysTick_Handler
    startup_stm32f10x_hd.o(RESET) refers to tim.o(i.TIM3_IRQHandler) for TIM3_IRQHandler
    startup_stm32f10x_hd.o(RESET) refers to tim.o(i.TIM4_IRQHandler) for TIM4_IRQHandler
    startup_stm32f10x_hd.o(.text) refers to system_stm32f10x.o(i.SystemInit) for SystemInit
    startup_stm32f10x_hd.o(.text) refers to entry.o(.ARM.Collect$$$$00000000) for __main
    system_stm32f10x.o(i.SetSysClock) refers to system_stm32f10x.o(i.SetSysClockTo72) for SetSysClockTo72
    system_stm32f10x.o(i.SystemCoreClockUpdate) refers to system_stm32f10x.o(.data) for SystemCoreClock
    system_stm32f10x.o(i.SystemInit) refers to system_stm32f10x.o(i.SetSysClock) for SetSysClock
    valuepack.o(i.initValuePack) refers to stm32f10x_rcc.o(i.RCC_APB2PeriphClockCmd) for RCC_APB2PeriphClockCmd
    valuepack.o(i.initValuePack) refers to stm32f10x_rcc.o(i.RCC_AHBPeriphClockCmd) for RCC_AHBPeriphClockCmd
    valuepack.o(i.initValuePack) refers to stm32f10x_gpio.o(i.GPIO_Init) for GPIO_Init
    valuepack.o(i.initValuePack) refers to stm32f10x_usart.o(i.USART_Init) for USART_Init
    valuepack.o(i.initValuePack) refers to stm32f10x_dma.o(i.DMA_DeInit) for DMA_DeInit
    valuepack.o(i.initValuePack) refers to stm32f10x_dma.o(i.DMA_Init) for DMA_Init
    valuepack.o(i.initValuePack) refers to stm32f10x_usart.o(i.USART_DMACmd) for USART_DMACmd
    valuepack.o(i.initValuePack) refers to stm32f10x_usart.o(i.USART_Cmd) for USART_Cmd
    valuepack.o(i.initValuePack) refers to stm32f10x_dma.o(i.DMA_Cmd) for DMA_Cmd
    valuepack.o(i.initValuePack) refers to valuepack.o(.bss) for dma
    valuepack.o(i.readValuePack) refers to valuepack.o(.data) for isok
    valuepack.o(i.readValuePack) refers to valuepack.o(.bss) for vp_rxbuff
    valuepack.o(i.sendBuffer) refers to stm32f10x_dma.o(i.DMA_DeInit) for DMA_DeInit
    valuepack.o(i.sendBuffer) refers to stm32f10x_dma.o(i.DMA_Init) for DMA_Init
    valuepack.o(i.sendBuffer) refers to stm32f10x_dma.o(i.DMA_Cmd) for DMA_Cmd
    valuepack.o(i.sendBuffer) refers to valuepack.o(.bss) for dma
    valuepack.o(i.sendValuePack) refers to valuepack.o(i.sendBuffer) for sendBuffer
    valuepack.o(i.sendValuePack) refers to valuepack.o(.bss) for vp_txbuff
    valuepack.o(i.sendValuePack) refers to valuepack.o(.data) for sum
    stm32f10x_flash.o(i.FLASH_EnableWriteProtection) refers to stm32f10x_flash.o(i.FLASH_WaitForLastOperation) for FLASH_WaitForLastOperation
    stm32f10x_flash.o(i.FLASH_EraseAllBank1Pages) refers to stm32f10x_flash.o(i.FLASH_WaitForLastBank1Operation) for FLASH_WaitForLastBank1Operation
    stm32f10x_flash.o(i.FLASH_EraseAllPages) refers to stm32f10x_flash.o(i.FLASH_WaitForLastOperation) for FLASH_WaitForLastOperation
    stm32f10x_flash.o(i.FLASH_EraseOptionBytes) refers to stm32f10x_flash.o(i.FLASH_GetReadOutProtectionStatus) for FLASH_GetReadOutProtectionStatus
    stm32f10x_flash.o(i.FLASH_EraseOptionBytes) refers to stm32f10x_flash.o(i.FLASH_WaitForLastOperation) for FLASH_WaitForLastOperation
    stm32f10x_flash.o(i.FLASH_ErasePage) refers to stm32f10x_flash.o(i.FLASH_WaitForLastOperation) for FLASH_WaitForLastOperation
    stm32f10x_flash.o(i.FLASH_ProgramHalfWord) refers to stm32f10x_flash.o(i.FLASH_WaitForLastOperation) for FLASH_WaitForLastOperation
    stm32f10x_flash.o(i.FLASH_ProgramOptionByteData) refers to stm32f10x_flash.o(i.FLASH_WaitForLastOperation) for FLASH_WaitForLastOperation
    stm32f10x_flash.o(i.FLASH_ProgramWord) refers to stm32f10x_flash.o(i.FLASH_WaitForLastOperation) for FLASH_WaitForLastOperation
    stm32f10x_flash.o(i.FLASH_ReadOutProtection) refers to stm32f10x_flash.o(i.FLASH_WaitForLastOperation) for FLASH_WaitForLastOperation
[...]
    printfa.o(i.__0vsprintf) refers (Special) to iusefp.o(.text) for __I$use$fp
    printfa.o(i.__0vsprintf) refers to printfa.o(i._printf_core) for _printf_core
    printfa.o(i.__0vsprintf) refers to printfa.o(i._sputc) for _sputc
    printfa.o(i._fp_digits) refers (Special) to iusefp.o(.text) for __I$use$fp
    printfa.o(i._fp_digits) refers to dmul.o(.text) for __aeabi_dmul
    printfa.o(i._fp_digits) refers to ddiv.o(.text) for __aeabi_ddiv
    printfa.o(i._fp_digits) refers to cdrcmple.o(.text) for __aeabi_cdrcmple
    printfa.o(i._fp_digits) refers to dadd.o(.text) for __aeabi_dadd
    printfa.o(i._fp_digits) refers to dfixul.o(.text) for __aeabi_d2ulz
    printfa.o(i._fp_digits) refers to uldiv.o(.text) for __aeabi_uldivmod
    printfa.o(i._printf_core) refers (Special) to iusefp.o(.text) for __I$use$fp
    printfa.o(i._printf_core) refers to printfa.o(i._printf_pre_padding) for _printf_pre_padding
    printfa.o(i._printf_core) refers to uldiv.o(.text) for __aeabi_uldivmod
    printfa.o(i._printf_core) refers to printfa.o(i._printf_post_padding) for _printf_post_padding
    printfa.o(i._printf_core) refers to printfa.o(i._fp_digits) for _fp_digits
    printfa.o(i._printf_core) refers to uidiv.o(.text) for __aeabi_uidivmod
    printfa.o(i._printf_post_padding) refers (Special) to iusefp.o(.text) for __I$use$fp
    printfa.o(i._printf_pre_padding) refers (Special) to iusefp.o(.text) for __I$use$fp
    printfa.o(i._snputc) refers (Special) to iusefp.o(.text) for __I$use$fp
    printfa.o(i._sputc) refers (Special) to iusefp.o(.text) for __I$use$fp
    fadd.o(.text) refers (Special) to iusefp.o(.text) for __I$use$fp
    fadd.o(.text) refers to fepilogue.o(.text) for _float_epilogue
    fmul.o(.text) refers (Special) to iusefp.o(.text) for __I$use$fp
    fdiv.o(.text) refers (Special) to iusefp.o(.text) for __I$use$fp
    fdiv.o(.text) refers to fepilogue.o(.text) for _float_round
    dmul.o(.text) refers (Special) to iusefp.o(.text) for __I$use$fp
    dmul.o(.text) refers to depilogue.o(.text) for _double_epilogue
    ddiv.o(.text) refers (Special) to iusefp.o(.text) for __I$use$fp
    ddiv.o(.text) refers to depilogue.o(.text) for _double_round
    fflti.o(.text) refers (Special) to iusefp.o(.text) for __I$use$fp
    fflti.o(.text) refers to fepilogue.o(.text) for _float_epilogue
    ffltui.o(.text) refers (Special) to iusefp.o(.text) for __I$use$fp
    ffltui.o(.text) refers to fepilogue.o(.text) for _float_epilogue
    dflti.o(.text) refers (Special) to iusefp.o(.text) for __I$use$fp
    dflti.o(.text) refers to depilogue.o(.text) for _double_epilogue
    ffixi.o(.text) refers (Special) to iusefp.o(.text) for __I$use$fp
    ffixui.o(.text) refers (Special) to iusefp.o(.text) for __I$use$fp
    dfixi.o(.text) refers (Special) to iusefp.o(.text) for __I$use$fp
    dfixi.o(.text) refers to llushr.o(.text) for __aeabi_llsr
    f2d.o(.text) refers (Special) to iusefp.o(.text) for __I$use$fp
    cdcmple.o(.text) refers (Special) to iusefp.o(.text) for __I$use$fp
    d2f.o(.text) refers (Special) to iusefp.o(.text) for __I$use$fp
    d2f.o(.text) refers to fepilogue.o(.text) for _float_round
    cfcmple.o(.text) refers (Special) to iusefp.o(.text) for __I$use$fp
    cfrcmple.o(.text) refers (Special) to iusefp.o(.text) for __I$use$fp
    entry2.o(.ARM.Collect$$$$00000001) refers to entry2.o(.ARM.Collect$$$$00002712) for __lit__00000000
    entry2.o(.ARM.Collect$$$$00002712) refers to startup_stm32f10x_hd.o(STACK) for __initial_sp
    entry2.o(__vectab_stack_and_reset_area) refers to startup_stm32f10x_hd.o(STACK) for __initial_sp
    entry2.o(__vectab_stack_and_reset_area) refers to entry.o(.ARM.Collect$$$$00000000) for __main
    entry5.o(.ARM.Collect$$$$00000004) refers to init.o(.text) for __scatterload
    entry9a.o(.ARM.Collect$$$$0000000B) refers to mian.o(i.main) for main
    entry9b.o(.ARM.Collect$$$$0000000C) refers to mian.o(i.main) for main
    uldiv.o(.text) refers to llushr.o(.text) for __aeabi_llsr
    uldiv.o(.text) refers to llshl.o(.text) for __aeabi_llsl
    depilogue.o(.text) refers to llshl.o(.text) for __aeabi_llsl
    depilogue.o(.text) refers to llushr.o(.text) for __aeabi_llsr
    dadd.o(.text) refers to llshl.o(.text) for __aeabi_llsl
    dadd.o(.text) refers to llsshr.o(.text) for __aeabi_lasr
    dadd.o(.text) refers to depilogue.o(.text) for _double_epilogue
    dfixul.o(.text) refers to llushr.o(.text) for __aeabi_llsr
    dfixul.o(.text) refers to llshl.o(.text) for __aeabi_llsl
    init.o(.text) refers to entry5.o(.ARM.Collect$$$$00000004) for __main_after_scatterload


==============================================================================

Removing Unused input sections from the image.

    Removing startup_stm32f10x_hd.o(HEAP), (512 bytes).
    Removing core_cm3.o(.emb_text), (32 bytes).
    Removing system_stm32f10x.o(i.SystemCoreClockUpdate), (164 bytes).
    Removing system_stm32f10x.o(.data), (20 bytes).
    Removing valuepack.o(.constdata), (4 bytes).
    Removing misc.o(i.NVIC_PriorityGroupConfig), (20 bytes).
    Removing misc.o(i.NVIC_SetVectorTable), (20 bytes).
    Removing misc.o(i.NVIC_SystemLPConfig), (32 bytes).
    Removing misc.o(i.SysTick_CLKSourceConfig), (40 bytes).
    Removing stm32f10x_crc.o(i.CRC_CalcBlockCRC), (36 bytes).
    Removing stm32f10x_crc.o(i.CRC_CalcCRC), (16 bytes).
    Removing stm32f10x_crc.o(i.CRC_GetCRC), (12 bytes).
    Removing stm32f10x_crc.o(i.CRC_GetIDRegister), (12 bytes).
    Removing stm32f10x_crc.o(i.CRC_ResetDR), (12 bytes).
    Removing stm32f10x_crc.o(i.CRC_SetIDRegister), (12 bytes).
    Removing stm32f10x_dbgmcu.o(i.DBGMCU_Config), (32 bytes).
    Removing stm32f10x_dbgmcu.o(i.DBGMCU_GetDEVID), (16 bytes).
    Removing stm32f10x_dbgmcu.o(i.DBGMCU_GetREVID), (12 bytes).
    Removing stm32f10x_dma.o(i.DMA_ClearFlag), (28 bytes).
    Removing stm32f10x_dma.o(i.DMA_ClearITPendingBit), (28 bytes).
    Removing stm32f10x_dma.o(i.DMA_GetCurrDataCounter), (8 bytes).
    Removing stm32f10x_dma.o(i.DMA_GetFlagStatus), (44 bytes).
    Removing stm32f10x_dma.o(i.DMA_GetITStatus), (44 bytes).
    Removing stm32f10x_dma.o(i.DMA_ITConfig), (18 bytes).
    Removing stm32f10x_dma.o(i.DMA_SetCurrDataCounter), (4 bytes).
    Removing stm32f10x_dma.o(i.DMA_StructInit), (26 bytes).
    Removing stm32f10x_flash.o(i.FLASH_ClearFlag), (12 bytes).
    Removing stm32f10x_flash.o(i.FLASH_EnableWriteProtection), (196 bytes).
    Removing stm32f10x_flash.o(i.FLASH_EraseAllBank1Pages), (72 bytes).
    Removing stm32f10x_flash.o(i.FLASH_EraseAllPages), (72 bytes).
    Removing stm32f10x_flash.o(i.FLASH_EraseOptionBytes), (168 bytes).
    Removing stm32f10x_flash.o(i.FLASH_ErasePage), (76 bytes).
    Removing stm32f10x_flash.o(i.FLASH_GetBank1Status), (52 bytes).
    Removing stm32f10x_flash.o(i.FLASH_GetFlagStatus), (48 bytes).
    Removing stm32f10x_flash.o(i.FLASH_GetPrefetchBufferStatus), (24 bytes).
    Removing stm32f10x_flash.o(i.FLASH_GetReadOutProtectionStatus), (24 bytes).
    Removing stm32f10x_flash.o(i.FLASH_GetStatus), (52 bytes).
    Removing stm32f10x_flash.o(i.FLASH_GetUserOptionByte), (12 bytes).
    Removing stm32f10x_flash.o(i.FLASH_GetWriteProtectionOptionByte), (12 bytes).
    Removing stm32f10x_flash.o(i.FLASH_HalfCycleAccessCmd), (28 bytes).
    Removing stm32f10x_flash.o(i.FLASH_ITConfig), (32 bytes).
    Removing stm32f10x_flash.o(i.FLASH_Lock), (20 bytes).
    Removing stm32f10x_flash.o(i.FLASH_LockBank1), (20 bytes).
    Removing stm32f10x_flash.o(i.FLASH_PrefetchBufferCmd), (28 bytes).
    Removing stm32f10x_flash.o(i.FLASH_ProgramHalfWord), (64 bytes).
    Removing stm32f10x_flash.o(i.FLASH_ProgramOptionByteData), (84 bytes).
    Removing stm32f10x_flash.o(i.FLASH_ProgramWord), (108 bytes).
    Removing stm32f10x_flash.o(i.FLASH_ReadOutProtection), (172 bytes).
    Removing stm32f10x_flash.o(i.FLASH_SetLatency), (24 bytes).
    Removing stm32f10x_flash.o(i.FLASH_Unlock), (24 bytes).
    Removing stm32f10x_flash.o(i.FLASH_UnlockBank1), (24 bytes).
    Removing stm32f10x_flash.o(i.FLASH_UserOptionByteConfig), (104 bytes).
    Removing stm32f10x_flash.o(i.FLASH_WaitForLastBank1Operation), (38 bytes).
    Removing stm32f10x_flash.o(i.FLASH_WaitForLastOperation), (38 bytes).
    Removing stm32f10x_gpio.o(i.GPIO_AFIODeInit), (20 bytes).
    Removing stm32f10x_gpio.o(i.GPIO_DeInit), (200 bytes).
    Removing stm32f10x_gpio.o(i.GPIO_ETH_MediaInterfaceConfig), (12 bytes).
    Removing stm32f10x_gpio.o(i.GPIO_EXTILineConfig), (64 bytes).
    Removing stm32f10x_gpio.o(i.GPIO_EventOutputCmd), (12 bytes).
    Removing stm32f10x_gpio.o(i.GPIO_EventOutputConfig), (32 bytes).
    Removing stm32f10x_gpio.o(i.GPIO_PinLockConfig), (18 bytes).
    Removing stm32f10x_gpio.o(i.GPIO_PinRemapConfig), (144 bytes).
    Removing stm32f10x_gpio.o(i.GPIO_ReadInputData), (8 bytes).
    Removing stm32f10x_gpio.o(i.GPIO_ReadOutputData), (8 bytes).
    Removing stm32f10x_gpio.o(i.GPIO_ReadOutputDataBit), (18 bytes).
    Removing stm32f10x_gpio.o(i.GPIO_ResetBits), (4 bytes).
    Removing stm32f10x_gpio.o(i.GPIO_StructInit), (16 bytes).
    Removing stm32f10x_gpio.o(i.GPIO_Write), (4 bytes).
    Removing stm32f10x_gpio.o(i.GPIO_WriteBit), (10 bytes).
    Removing stm32f10x_i2c.o(i.I2C_ARPCmd), (24 bytes).
    Removing stm32f10x_i2c.o(i.I2C_AcknowledgeConfig), (24 bytes).
    Removing stm32f10x_i2c.o(i.I2C_CalculatePEC), (24 bytes).
    Removing stm32f10x_i2c.o(i.I2C_ClearFlag), (12 bytes).
    Removing stm32f10x_i2c.o(i.I2C_ClearITPendingBit), (12 bytes).
    Removing stm32f10x_i2c.o(i.I2C_DMACmd), (24 bytes).
    Removing stm32f10x_i2c.o(i.I2C_DMALastTransferCmd), (24 bytes).
    Removing stm32f10x_i2c.o(i.I2C_DualAddressCmd), (24 bytes).
    Removing stm32f10x_i2c.o(i.I2C_FastModeDutyCycleConfig), (28 bytes).
    Removing stm32f10x_i2c.o(i.I2C_GeneralCallCmd), (24 bytes).
    Removing stm32f10x_i2c.o(i.I2C_GetITStatus), (38 bytes).
    Removing stm32f10x_i2c.o(i.I2C_GetLastEvent), (26 bytes).
    Removing stm32f10x_i2c.o(i.I2C_GetPEC), (8 bytes).
    Removing stm32f10x_i2c.o(i.I2C_ITConfig), (18 bytes).
    Removing stm32f10x_i2c.o(i.I2C_NACKPositionConfig), (28 bytes).
    Removing stm32f10x_i2c.o(i.I2C_OwnAddress2Config), (22 bytes).
    Removing stm32f10x_i2c.o(i.I2C_PECPositionConfig), (28 bytes).
    Removing stm32f10x_i2c.o(i.I2C_ReadRegister), (22 bytes).
    Removing stm32f10x_i2c.o(i.I2C_ReceiveData), (8 bytes).
    Removing stm32f10x_i2c.o(i.I2C_SMBusAlertConfig), (28 bytes).
    Removing stm32f10x_i2c.o(i.I2C_SoftwareResetCmd), (22 bytes).
    Removing stm32f10x_i2c.o(i.I2C_StretchClockCmd), (24 bytes).
    Removing stm32f10x_i2c.o(i.I2C_StructInit), (30 bytes).
    Removing stm32f10x_i2c.o(i.I2C_TransmitPEC), (24 bytes).
    Removing stm32f10x_pwr.o(i.PWR_BackupAccessCmd), (12 bytes).
    Removing stm32f10x_pwr.o(i.PWR_ClearFlag), (20 bytes).
    Removing stm32f10x_pwr.o(i.PWR_DeInit), (22 bytes).
    Removing stm32f10x_pwr.o(i.PWR_EnterSTANDBYMode), (52 bytes).
    Removing stm32f10x_pwr.o(i.PWR_EnterSTOPMode), (64 bytes).
    Removing stm32f10x_pwr.o(i.PWR_GetFlagStatus), (24 bytes).
    Removing stm32f10x_pwr.o(i.PWR_PVDCmd), (12 bytes).
    Removing stm32f10x_pwr.o(i.PWR_PVDLevelConfig), (24 bytes).
    Removing stm32f10x_pwr.o(i.PWR_WakeUpPinCmd), (12 bytes).
    Removing stm32f10x_rcc.o(i.RCC_ADCCLKConfig), (24 bytes).
    Removing stm32f10x_rcc.o(i.RCC_APB2PeriphResetCmd), (32 bytes).
    Removing stm32f10x_rcc.o(i.RCC_AdjustHSICalibrationValue), (24 bytes).
    Removing stm32f10x_rcc.o(i.RCC_BackupResetCmd), (12 bytes).
    Removing stm32f10x_rcc.o(i.RCC_ClearFlag), (20 bytes).
    Removing stm32f10x_rcc.o(i.RCC_ClearITPendingBit), (12 bytes).
    Removing stm32f10x_rcc.o(i.RCC_ClockSecuritySystemCmd), (12 bytes).
    Removing stm32f10x_rcc.o(i.RCC_DeInit), (76 bytes).
    Removing stm32f10x_rcc.o(i.RCC_GetFlagStatus), (60 bytes).
    Removing stm32f10x_rcc.o(i.RCC_GetITStatus), (24 bytes).
    Removing stm32f10x_rcc.o(i.RCC_GetSYSCLKSource), (16 bytes).
    Removing stm32f10x_rcc.o(i.RCC_HCLKConfig), (24 bytes).
    Removing stm32f10x_rcc.o(i.RCC_HSEConfig), (76 bytes).
    Removing stm32f10x_rcc.o(i.RCC_HSICmd), (12 bytes).
    Removing stm32f10x_rcc.o(i.RCC_ITConfig), (32 bytes).
    Removing stm32f10x_rcc.o(i.RCC_LSEConfig), (52 bytes).
    Removing stm32f10x_rcc.o(i.RCC_LSICmd), (12 bytes).
    Removing stm32f10x_rcc.o(i.RCC_MCOConfig), (12 bytes).
    Removing stm32f10x_rcc.o(i.RCC_PCLK1Config), (24 bytes).
    Removing stm32f10x_rcc.o(i.RCC_PCLK2Config), (24 bytes).
    Removing stm32f10x_rcc.o(i.RCC_PLLCmd), (12 bytes).
    Removing stm32f10x_rcc.o(i.RCC_PLLConfig), (28 bytes).
    Removing stm32f10x_rcc.o(i.RCC_RTCCLKCmd), (12 bytes).
    Removing stm32f10x_rcc.o(i.RCC_RTCCLKConfig), (16 bytes).
    Removing stm32f10x_rcc.o(i.RCC_SYSCLKConfig), (24 bytes).
    Removing stm32f10x_rcc.o(i.RCC_USBCLKConfig), (12 bytes).
    Removing stm32f10x_rcc.o(i.RCC_WaitForHSEStartUp), (56 bytes).
    Removing stm32f10x_tim.o(i.TI1_Config), (128 bytes).
    Removing stm32f10x_tim.o(i.TI2_Config), (152 bytes).
    Removing stm32f10x_tim.o(i.TI3_Config), (144 bytes).
    Removing stm32f10x_tim.o(i.TI4_Config), (152 bytes).
    Removing stm32f10x_tim.o(i.TIM_ARRPreloadConfig), (24 bytes).
    Removing stm32f10x_tim.o(i.TIM_BDTRConfig), (32 bytes).
    Removing stm32f10x_tim.o(i.TIM_BDTRStructInit), (18 bytes).
    Removing stm32f10x_tim.o(i.TIM_CCPreloadControl), (24 bytes).
    Removing stm32f10x_tim.o(i.TIM_CCxCmd), (30 bytes).
    Removing stm32f10x_tim.o(i.TIM_CCxNCmd), (30 bytes).
    Removing stm32f10x_tim.o(i.TIM_ClearFlag), (6 bytes).
    Removing stm32f10x_tim.o(i.TIM_ClearOC1Ref), (18 bytes).
    Removing stm32f10x_tim.o(i.TIM_ClearOC2Ref), (24 bytes).
    Removing stm32f10x_tim.o(i.TIM_ClearOC3Ref), (18 bytes).
    Removing stm32f10x_tim.o(i.TIM_ClearOC4Ref), (24 bytes).
    Removing stm32f10x_tim.o(i.TIM_CounterModeConfig), (18 bytes).
    Removing stm32f10x_tim.o(i.TIM_CtrlPWMOutputs), (30 bytes).
    Removing stm32f10x_tim.o(i.TIM_DMACmd), (18 bytes).
    Removing stm32f10x_tim.o(i.TIM_DMAConfig), (10 bytes).
    Removing stm32f10x_tim.o(i.TIM_DeInit), (488 bytes).
    Removing stm32f10x_tim.o(i.TIM_ETRClockMode1Config), (54 bytes).
    Removing stm32f10x_tim.o(i.TIM_ETRClockMode2Config), (32 bytes).
    Removing stm32f10x_tim.o(i.TIM_ETRConfig), (28 bytes).
    Removing stm32f10x_tim.o(i.TIM_EncoderInterfaceConfig), (66 bytes).
    Removing stm32f10x_tim.o(i.TIM_ForcedOC1Config), (18 bytes).
    Removing stm32f10x_tim.o(i.TIM_ForcedOC2Config), (26 bytes).
    Removing stm32f10x_tim.o(i.TIM_ForcedOC3Config), (18 bytes).
    Removing stm32f10x_tim.o(i.TIM_ForcedOC4Config), (26 bytes).
    Removing stm32f10x_tim.o(i.TIM_GenerateEvent), (4 bytes).
    Removing stm32f10x_tim.o(i.TIM_GetCapture1), (6 bytes).
    Removing stm32f10x_tim.o(i.TIM_GetCapture2), (6 bytes).
    Removing stm32f10x_tim.o(i.TIM_GetCapture3), (6 bytes).
    Removing stm32f10x_tim.o(i.TIM_GetCapture4), (8 bytes).
    Removing stm32f10x_tim.o(i.TIM_GetCounter), (6 bytes).
    Removing stm32f10x_tim.o(i.TIM_GetFlagStatus), (18 bytes).
    Removing stm32f10x_tim.o(i.TIM_GetPrescaler), (6 bytes).
    Removing stm32f10x_tim.o(i.TIM_ICInit), (172 bytes).
    Removing stm32f10x_tim.o(i.TIM_ICStructInit), (18 bytes).
    Removing stm32f10x_tim.o(i.TIM_ITRxExternalClockConfig), (24 bytes).
    Removing stm32f10x_tim.o(i.TIM_InternalClockConfig), (12 bytes).
    Removing stm32f10x_tim.o(i.TIM_OC1FastConfig), (18 bytes).
    Removing stm32f10x_tim.o(i.TIM_OC1Init), (152 bytes).
    Removing stm32f10x_tim.o(i.TIM_OC1NPolarityConfig), (18 bytes).
    Removing stm32f10x_tim.o(i.TIM_OC1PolarityConfig), (18 bytes).
    Removing stm32f10x_tim.o(i.TIM_OC1PreloadConfig), (18 bytes).
    Removing stm32f10x_tim.o(i.TIM_OC2FastConfig), (26 bytes).
    Removing stm32f10x_tim.o(i.TIM_OC2Init), (164 bytes).
    Removing stm32f10x_tim.o(i.TIM_OC2NPolarityConfig), (26 bytes).
    Removing stm32f10x_tim.o(i.TIM_OC2PolarityConfig), (26 bytes).
    Removing stm32f10x_tim.o(i.TIM_OC2PreloadConfig), (26 bytes).
    Removing stm32f10x_tim.o(i.TIM_OC3FastConfig), (18 bytes).
    Removing stm32f10x_tim.o(i.TIM_OC3Init), (160 bytes).
    Removing stm32f10x_tim.o(i.TIM_OC3NPolarityConfig), (26 bytes).
    Removing stm32f10x_tim.o(i.TIM_OC3PolarityConfig), (26 bytes).
    Removing stm32f10x_tim.o(i.TIM_OC3PreloadConfig), (18 bytes).
    Removing stm32f10x_tim.o(i.TIM_OC4FastConfig), (26 bytes).
    Removing stm32f10x_tim.o(i.TIM_OC4Init), (124 bytes).
    Removing stm32f10x_tim.o(i.TIM_OC4PolarityConfig), (26 bytes).
    Removing stm32f10x_tim.o(i.TIM_OC4PreloadConfig), (26 bytes).
    Removing stm32f10x_tim.o(i.TIM_OCStructInit), (20 bytes).
    Removing stm32f10x_tim.o(i.TIM_PWMIConfig), (124 bytes).
    Removing stm32f10x_tim.o(i.TIM_PrescalerConfig), (6 bytes).
    Removing stm32f10x_tim.o(i.TIM_SelectCCDMA), (24 bytes).
    Removing stm32f10x_tim.o(i.TIM_SelectCOM), (24 bytes).
    Removing stm32f10x_tim.o(i.TIM_SelectHallSensor), (24 bytes).
    Removing stm32f10x_tim.o(i.TIM_SelectInputTrigger), (18 bytes).
    Removing stm32f10x_tim.o(i.TIM_SelectMasterSlaveMode), (18 bytes).
    Removing stm32f10x_tim.o(i.TIM_SelectOCxM), (82 bytes).
    Removing stm32f10x_tim.o(i.TIM_SelectOnePulseMode), (18 bytes).
    Removing stm32f10x_tim.o(i.TIM_SelectOutputTrigger), (18 bytes).
    Removing stm32f10x_tim.o(i.TIM_SelectSlaveMode), (18 bytes).
    Removing stm32f10x_tim.o(i.TIM_SetAutoreload), (4 bytes).
    Removing stm32f10x_tim.o(i.TIM_SetClockDivision), (18 bytes).
    Removing stm32f10x_tim.o(i.TIM_SetCompare1), (4 bytes).
    Removing stm32f10x_tim.o(i.TIM_SetCompare2), (4 bytes).
    Removing stm32f10x_tim.o(i.TIM_SetCompare3), (4 bytes).
    Removing stm32f10x_tim.o(i.TIM_SetCompare4), (6 bytes).
    Removing stm32f10x_tim.o(i.TIM_SetCounter), (4 bytes).
    Removing stm32f10x_tim.o(i.TIM_SetIC1Prescaler), (18 bytes).
    Removing stm32f10x_tim.o(i.TIM_SetIC2Prescaler), (26 bytes).
    Removing stm32f10x_tim.o(i.TIM_SetIC3Prescaler), (18 bytes).
    Removing stm32f10x_tim.o(i.TIM_SetIC4Prescaler), (26 bytes).
    Removing stm32f10x_tim.o(i.TIM_TIxExternalClockConfig), (62 bytes).
    Removing stm32f10x_tim.o(i.TIM_TimeBaseStructInit), (18 bytes).
    Removing stm32f10x_tim.o(i.TIM_UpdateDisableConfig), (24 bytes).
    Removing stm32f10x_tim.o(i.TIM_UpdateRequestConfig), (24 bytes).
    Removing stm32f10x_usart.o(i.USART_ClearFlag), (18 bytes).
    Removing stm32f10x_usart.o(i.USART_ClearITPendingBit), (30 bytes).
    Removing stm32f10x_usart.o(i.USART_ClockInit), (34 bytes).
    Removing stm32f10x_usart.o(i.USART_ClockStructInit), (12 bytes).
    Removing stm32f10x_usart.o(i.USART_DeInit), (156 bytes).
    Removing stm32f10x_usart.o(i.USART_GetITStatus), (84 bytes).
    Removing stm32f10x_usart.o(i.USART_HalfDuplexCmd), (24 bytes).
    Removing stm32f10x_usart.o(i.USART_ITConfig), (74 bytes).
    Removing stm32f10x_usart.o(i.USART_IrDACmd), (24 bytes).
    Removing stm32f10x_usart.o(i.USART_IrDAConfig), (18 bytes).
    Removing stm32f10x_usart.o(i.USART_LINBreakDetectLengthConfig), (18 bytes).
    Removing stm32f10x_usart.o(i.USART_LINCmd), (24 bytes).
    Removing stm32f10x_usart.o(i.USART_OneBitMethodCmd), (24 bytes).
    Removing stm32f10x_usart.o(i.USART_OverSampling8Cmd), (22 bytes).
    Removing stm32f10x_usart.o(i.USART_ReceiveData), (10 bytes).
    Removing stm32f10x_usart.o(i.USART_ReceiverWakeUpCmd), (24 bytes).
    Removing stm32f10x_usart.o(i.USART_SendBreak), (10 bytes).
    Removing stm32f10x_usart.o(i.USART_SetAddress), (18 bytes).
    Removing stm32f10x_usart.o(i.USART_SetGuardTime), (16 bytes).
    Removing stm32f10x_usart.o(i.USART_SetPrescaler), (16 bytes).
    Removing stm32f10x_usart.o(i.USART_SmartCardCmd), (24 bytes).
    Removing stm32f10x_usart.o(i.USART_SmartCardNACKCmd), (24 bytes).
    Removing stm32f10x_usart.o(i.USART_StructInit), (24 bytes).
    Removing stm32f10x_usart.o(i.USART_WakeUpConfig), (18 bytes).
    Removing bsp_usart.o(i.NVIC_Configuration), (40 bytes).
    Removing bsp_usart.o(i.USART_Config), (144 bytes).
    Removing bsp_usart.o(i.Usart_SendArray), (48 bytes).
    Removing bsp_usart.o(i.Usart_SendByte), (30 bytes).
    Removing bsp_usart.o(i.Usart_SendHalfWord), (60 bytes).
    Removing bsp_usart.o(i.Usart_SendStr), (44 bytes).
    Removing bsp_usart.o(i.fgetc), (32 bytes).
    Removing oled.o(i.OLED_DrawBMP), (116 bytes).
    Removing oled.o(i.OLED_OFF), (22 bytes).
    Removing oled.o(i.OLED_ON), (22 bytes).
    Removing oled.o(i.OLED_ShowCN), (84 bytes).
    Removing oled.o(.bss), (1152 bytes).
    Removing oled.o(.data), (128 bytes).
    Removing ds18b20.o(i.DS18B20_Get_Temp2), (140 bytes).
    Removing ds18b20.o(i.DS18B20_Get_Temp3), (80 bytes).
    Removing ds18b20.o(.data), (4 bytes).
    Removing tim.o(.data), (4 bytes).
    Removing key.o(i.Key), (68 bytes).
    Removing key.o(i.key_back), (32 bytes).
    Removing key.o(.data), (4 bytes).
    Removing dfixi.o(.text), (62 bytes).

260 unused section(s) (total 11530 bytes) removed from the image.

==============================================================================

Image Symbol Table

    Local Symbols

    Symbol Name                              Value     Ov Type        Size  Object(Section)

    ../clib/microlib/division.c              0x00000000   Number         0  uidiv.o ABSOLUTE
    ../clib/microlib/division.c              0x00000000   Number         0  uldiv.o ABSOLUTE
    ../clib/microlib/init/entry.s            0x00000000   Number         0  entry9a.o ABSOLUTE
    ../clib/microlib/init/entry.s            0x00000000   Number         0  entry8b.o ABSOLUTE
    ../clib/microlib/init/entry.s            0x00000000   Number         0  entry8a.o ABSOLUTE
    ../clib/microlib/init/entry.s            0x00000000   Number         0  entry7b.o ABSOLUTE
    ../clib/microlib/init/entry.s            0x00000000   Number         0  entry9b.o ABSOLUTE
    ../clib/microlib/init/entry.s            0x00000000   Number         0  entry.o ABSOLUTE
    ../clib/microlib/init/entry.s            0x00000000   Number         0  entry7a.o ABSOLUTE
    ../clib/microlib/init/entry.s            0x00000000   Number         0  entry5.o ABSOLUTE
    ../clib/microlib/init/entry.s            0x00000000   Number         0  entry2.o ABSOLUTE
    ../clib/microlib/init/entry.s            0x00000000   Number         0  entry10a.o ABSOLUTE
    ../clib/microlib/init/entry.s            0x00000000   Number         0  entry10b.o ABSOLUTE
    ../clib/microlib/init/entry.s            0x00000000   Number         0  entry11a.o ABSOLUTE
    ../clib/microlib/init/entry.s            0x00000000   Number         0  entry11b.o ABSOLUTE
    ../clib/microlib/longlong.c              0x00000000   Number         0  llsshr.o ABSOLUTE
    ../clib/microlib/longlong.c              0x00000000   Number         0  llshl.o ABSOLUTE
    ../clib/microlib/longlong.c              0x00000000   Number         0  llushr.o ABSOLUTE
    ../clib/microlib/printf/printf.c         0x00000000   Number         0  printf0.o ABSOLUTE
    ../clib/microlib/printf/printf.c         0x00000000   Number         0  printf1.o ABSOLUTE
    ../clib/microlib/printf/printf.c         0x00000000   Number         0  printf2.o ABSOLUTE
    ../clib/microlib/printf/printf.c         0x00000000   Number         0  printf3.o ABSOLUTE
    ../clib/microlib/printf/printf.c         0x00000000   Number         0  printf5.o ABSOLUTE
    ../clib/microlib/printf/printf.c         0x00000000   Number         0  printf6.o ABSOLUTE
    ../clib/microlib/printf/printf.c         0x00000000   Number         0  printf7.o ABSOLUTE
    ../clib/microlib/printf/printf.c         0x00000000   Number         0  printfb.o ABSOLUTE
    ../clib/microlib/printf/printf.c         0x00000000   Number         0  printf8.o ABSOLUTE
    ../clib/microlib/printf/printf.c         0x00000000   Number         0  printf4.o ABSOLUTE
    ../clib/microlib/printf/printf.c         0x00000000   Number         0  printfa.o ABSOLUTE
    ../clib/microlib/printf/stubs.s          0x00000000   Number         0  stubs.o ABSOLUTE
    ../clib/microlib/stdio/streams.c         0x00000000   Number         0  stdout.o ABSOLUTE
    ../clib/microlib/stubs.s                 0x00000000   Number         0  iusefp.o ABSOLUTE
    ../fplib/microlib/d2f.c                  0x00000000   Number         0  d2f.o ABSOLUTE
    ../fplib/microlib/f2d.c                  0x00000000   Number         0  f2d.o ABSOLUTE
    ../fplib/microlib/fpadd.c                0x00000000   Number         0  fadd.o ABSOLUTE
    ../fplib/microlib/fpadd.c                0x00000000   Number         0  dadd.o ABSOLUTE
    ../fplib/microlib/fpdiv.c                0x00000000   Number         0  fdiv.o ABSOLUTE
    ../fplib/microlib/fpdiv.c                0x00000000   Number         0  ddiv.o ABSOLUTE
    ../fplib/microlib/fpepilogue.c           0x00000000   Number         0  depilogue.o ABSOLUTE
    ../fplib/microlib/fpepilogue.c           0x00000000   Number         0  fepilogue.o ABSOLUTE
    ../fplib/microlib/fpfix.c                0x00000000   Number         0  ffixi.o ABSOLUTE
    ../fplib/microlib/fpfix.c                0x00000000   Number         0  dfixul.o ABSOLUTE
    ../fplib/microlib/fpfix.c                0x00000000   Number         0  ffixui.o ABSOLUTE
    ../fplib/microlib/fpfix.c                0x00000000   Number         0  dfixi.o ABSOLUTE
    ../fplib/microlib/fpflt.c                0x00000000   Number         0  ffltui.o ABSOLUTE
    ../fplib/microlib/fpflt.c                0x00000000   Number         0  fflti.o ABSOLUTE
    ../fplib/microlib/fpflt.c                0x00000000   Number         0  dflti.o ABSOLUTE
    ../fplib/microlib/fpmul.c                0x00000000   Number         0  dmul.o ABSOLUTE
    ../fplib/microlib/fpmul.c                0x00000000   Number         0  fmul.o ABSOLUTE
    ..\Libraries\CMSIS\core_cm3.c            0x00000000   Number         0  core_cm3.o ABSOLUTE
    ..\Libraries\CMSIS\startup\startup_stm32f10x_hd.s 0x00000000   Number         0  startup_stm32f10x_hd.o ABSOLUTE
    ..\Libraries\CMSIS\system_stm32f10x.c    0x00000000   Number         0  system_stm32f10x.o ABSOLUTE
    ..\Libraries\STM32F10x_StdPeriph_Driver\src\misc.c 0x00000000   Number         0  misc.o ABSOLUTE
    ..\Libraries\STM32F10x_StdPeriph_Driver\src\stm32f10x_crc.c 0x00000000   Number         0  stm32f10x_crc.o ABSOLUTE
    ..\Libraries\STM32F10x_StdPeriph_Driver\src\stm32f10x_dbgmcu.c 0x00000000   Number         0  stm32f10x_dbgmcu.o ABSOLUTE
    ..\Libraries\STM32F10x_StdPeriph_Driver\src\stm32f10x_dma.c 0x00000000   Number         0  stm32f10x_dma.o ABSOLUTE
    ..\Libraries\STM32F10x_StdPeriph_Driver\src\stm32f10x_flash.c 0x00000000   Number         0  stm32f10x_flash.o ABSOLUTE
    ..\Libraries\STM32F10x_StdPeriph_Driver\src\stm32f10x_gpio.c 0x00000000   Number         0  stm32f10x_gpio.o ABSOLUTE
    ..\Libraries\STM32F10x_StdPeriph_Driver\src\stm32f10x_i2c.c 0x00000000   Number         0  stm32f10x_i2c.o ABSOLUTE
    ..\Libraries\STM32F10x_StdPeriph_Driver\src\stm32f10x_pwr.c 0x00000000   Number         0  stm32f10x_pwr.o ABSOLUTE
    ..\Libraries\STM32F10x_StdPeriph_Driver\src\stm32f10x_rcc.c 0x00000000   Number         0  stm32f10x_rcc.o ABSOLUTE
    ..\Libraries\STM32F10x_StdPeriph_Driver\src\stm32f10x_tim.c 0x00000000   Number         0  stm32f10x_tim.o ABSOLUTE
    ..\Libraries\STM32F10x_StdPeriph_Driver\src\stm32f10x_usart.c 0x00000000   Number         0  stm32f10x_usart.o ABSOLUTE
    ..\User\DS18B20\DS18B20.c                0x00000000   Number         0  ds18b20.o ABSOLUTE
    ..\User\JiDianQi\JDQ.c                   0x00000000   Number         0  jdq.o ABSOLUTE
    ..\User\PID\pid.c                        0x00000000   Number         0  pid.o ABSOLUTE
    ..\User\TIM\Tim.c                        0x00000000   Number         0  tim.o ABSOLUTE
    ..\User\analysis\valuepack.c             0x00000000   Number         0  valuepack.o ABSOLUTE
    ..\User\key\key.c                        0x00000000   Number         0  key.o ABSOLUTE
    ..\User\mian.c                           0x00000000   Number         0  mian.o ABSOLUTE
    ..\User\oled\OLED.c                      0x00000000   Number         0  oled.o ABSOLUTE
    ..\User\stm32f10x_it.c                   0x00000000   Number         0  stm32f10x_it.o ABSOLUTE
    ..\User\systick\bsp_systick.c            0x00000000   Number         0  bsp_systick.o ABSOLUTE
    ..\User\usart\bsp_usart.c                0x00000000   Number         0  bsp_usart.o ABSOLUTE
    ..\\Libraries\\CMSIS\\core_cm3.c         0x00000000   Number         0  core_cm3.o ABSOLUTE
    cdcmple.s                                0x00000000   Number         0  cdcmple.o ABSOLUTE
    cdrcmple.s                               0x00000000   Number         0  cdrcmple.o ABSOLUTE
    cfcmple.s                                0x00000000   Number         0  cfcmple.o ABSOLUTE
    cfrcmple.s                               0x00000000   Number         0  cfrcmple.o ABSOLUTE
    dc.s                                     0x00000000   Number         0  dc.o ABSOLUTE
    handlers.s                               0x00000000   Number         0  handlers.o ABSOLUTE
    init.s                                   0x00000000   Number         0  init.o ABSOLUTE
    RESET                                    0x08000000   Section      304  startup_stm32f10x_hd.o(RESET)
    .ARM.Collect$$$$00000000                 0x08000130   Section        0  entry.o(.ARM.Collect$$$$00000000)
    .ARM.Collect$$$$00000001                 0x08000130   Section        4  entry2.o(.ARM.Collect$$$$00000001)
    .ARM.Collect$$$$00000004                 0x08000134   Section        4  entry5.o(.ARM.Collect$$$$00000004)
    .ARM.Collect$$$$00000008                 0x08000138   Section        0  entry7b.o(.ARM.Collect$$$$00000008)
    .ARM.Collect$$$$0000000A                 0x08000138   Section        0  entry8b.o(.ARM.Collect$$$$0000000A)
    .ARM.Collect$$$$0000000B                 0x08000138   Section        8  entry9a.o(.ARM.Collect$$$$0000000B)
    .ARM.Collect$$$$0000000D                 0x08000140   Section        0  entry10a.o(.ARM.Collect$$$$0000000D)
    .ARM.Collect$$$$0000000F                 0x08000140   Section        0  entry11a.o(.ARM.Collect$$$$0000000F)
    .ARM.Collect$$$$00002712                 0x08000140   Section        4  entry2.o(.ARM.Collect$$$$00002712)
    __lit__00000000                          0x08000140   Data           4  entry2.o(.ARM.Collect$$$$00002712)
    .text                                    0x08000144   Section       36  startup_stm32f10x_hd.o(.text)
    .text                                    0x08000168   Section        0  fadd.o(.text)
    .text                                    0x08000218   Section        0  fmul.o(.text)
    .text                                    0x0800027c   Section        0  fdiv.o(.text)
    .text                                    0x080002f8   Section        0  dmul.o(.text)
    .text                                    0x080003dc   Section        0  ddiv.o(.text)
    .text                                    0x080004ba   Section        0  fflti.o(.text)
    .text                                    0x080004cc   Section        0  ffltui.o(.text)
    .text                                    0x080004d6   Section        0  dflti.o(.text)
    .text                                    0x080004f8   Section        0  ffixi.o(.text)
    .text                                    0x0800052a   Section        0  ffixui.o(.text)
    .text                                    0x08000552   Section        0  f2d.o(.text)
    .text                                    0x08000578   Section       48  cdcmple.o(.text)
    .text                                    0x080005a8   Section        0  d2f.o(.text)
    .text                                    0x080005e0   Section       20  cfcmple.o(.text)
    .text                                    0x080005f4   Section       20  cfrcmple.o(.text)
    .text                                    0x08000608   Section        0  uidiv.o(.text)
    .text                                    0x08000634   Section        0  uldiv.o(.text)
    .text                                    0x08000696   Section        0  llushr.o(.text)
    .text                                    0x080006b6   Section        0  iusefp.o(.text)
    .text                                    0x080006b6   Section        0  fepilogue.o(.text)
    .text                                    0x08000724   Section        0  depilogue.o(.text)
    .text                                    0x080007de   Section        0  dadd.o(.text)
    .text                                    0x0800092c   Section        0  dfixul.o(.text)
    .text                                    0x0800095c   Section       48  cdrcmple.o(.text)
    .text                                    0x0800098c   Section       36  init.o(.text)
    .text                                    0x080009b0   Section        0  llshl.o(.text)
    .text                                    0x080009ce   Section        0  llsshr.o(.text)
    i.BusFault_Handler                       0x080009f2   Section        0  stm32f10x_it.o(i.BusFault_Handler)
    i.DMA_Cmd                                0x080009f6   Section        0  stm32f10x_dma.o(i.DMA_Cmd)
    i.DMA_DeInit                             0x08000a10   Section        0  stm32f10x_dma.o(i.DMA_DeInit)
    i.DMA_Init                               0x08000b5c   Section        0  stm32f10x_dma.o(i.DMA_Init)
    i.DS18B20_Check                          0x08000b98   Section        0  ds18b20.o(i.DS18B20_Check)
    i.DS18B20_Get_Temp                       0x08000bfc   Section        0  ds18b20.o(i.DS18B20_Get_Temp)
    i.DS18B20_Init                           0x08000c7c   Section        0  ds18b20.o(i.DS18B20_Init)
    i.DS18B20_Read_Bit                       0x08000cb8   Section        0  ds18b20.o(i.DS18B20_Read_Bit)
    i.DS18B20_Read_Byte                      0x08000d24   Section        0  ds18b20.o(i.DS18B20_Read_Byte)
    i.DS18B20_Rst                            0x08000d48   Section        0  ds18b20.o(i.DS18B20_Rst)
    i.DS18B20_Start                          0x08000d8c   Section        0  ds18b20.o(i.DS18B20_Start)
    i.DS18B20_Write_Byte                     0x08000da4   Section        0  ds18b20.o(i.DS18B20_Write_Byte)
    i.DebugMon_Handler                       0x08000e18   Section        0  stm32f10x_it.o(i.DebugMon_Handler)
    i.Delay_ms                               0x08000e1c   Section        0  bsp_systick.o(i.Delay_ms)
    i.Delay_us                               0x08000e58   Section        0  bsp_systick.o(i.Delay_us)
    i.GPIO_Init                              0x08000e8e   Section        0  stm32f10x_gpio.o(i.GPIO_Init)
    i.GPIO_ReadInputDataBit                  0x08000fa4   Section        0  stm32f10x_gpio.o(i.GPIO_ReadInputDataBit)
    i.GPIO_SetBits                           0x08000fb6   Section        0  stm32f10x_gpio.o(i.GPIO_SetBits)
    i.HardFault_Handler                      0x08000fba   Section        0  stm32f10x_it.o(i.HardFault_Handler)
    i.I2C_CheckEvent                         0x08000fbe   Section        0  stm32f10x_i2c.o(i.I2C_CheckEvent)
    i.I2C_Cmd                                0x08000fe8   Section        0  stm32f10x_i2c.o(i.I2C_Cmd)
    i.I2C_Configuration                      0x08001000   Section        0  oled.o(i.I2C_Configuration)
    i.I2C_DeInit                             0x0800107c   Section        0  stm32f10x_i2c.o(i.I2C_DeInit)
    i.I2C_GenerateSTART                      0x080010b4   Section        0  stm32f10x_i2c.o(i.I2C_GenerateSTART)
    i.I2C_GenerateSTOP                       0x080010cc   Section        0  stm32f10x_i2c.o(i.I2C_GenerateSTOP)
    i.I2C_GetFlagStatus                      0x080010e4   Section        0  stm32f10x_i2c.o(i.I2C_GetFlagStatus)
    i.I2C_Init                               0x08001120   Section        0  stm32f10x_i2c.o(i.I2C_Init)
    i.I2C_Send7bitAddress                    0x0800120c   Section        0  stm32f10x_i2c.o(i.I2C_Send7bitAddress)
    i.I2C_SendData                           0x0800121e   Section        0  stm32f10x_i2c.o(i.I2C_SendData)
    i.I2C_WriteByte                          0x08001224   Section        0  oled.o(i.I2C_WriteByte)
    i.JDQ_Init                               0x080012b0   Section        0  jdq.o(i.JDQ_Init)
    i.Key_GPIO_Config                        0x080012e8   Section        0  key.o(i.Key_GPIO_Config)
    i.Key_Scan                               0x0800133c   Section        0  key.o(i.Key_Scan)
    i.MemManage_Handler                      0x08001362   Section        0  stm32f10x_it.o(i.MemManage_Handler)
    i.NMI_Handler                            0x08001366   Section        0  stm32f10x_it.o(i.NMI_Handler)
    i.NVIC_Init                              0x08001368   Section        0  misc.o(i.NVIC_Init)
    i.OLED_CLS                               0x080013d8   Section        0  oled.o(i.OLED_CLS)
    i.OLED_Fill                              0x080013e2   Section        0  oled.o(i.OLED_Fill)
    i.OLED_Init                              0x0800141c   Section        0  oled.o(i.OLED_Init)
    i.OLED_Pow                               0x080014ce   Section        0  oled.o(i.OLED_Pow)
    i.OLED_SetPos                            0x080014e4   Section        0  oled.o(i.OLED_SetPos)
    i.OLED_ShowChar                          0x0800150c   Section        0  oled.o(i.OLED_ShowChar)
    i.OLED_ShowNum                           0x080015a8   Section        0  oled.o(i.OLED_ShowNum)
    i.OLED_ShowStr                           0x08001630   Section        0  oled.o(i.OLED_ShowStr)
    i.PID_Calc                               0x0800171c   Section        0  pid.o(i.PID_Calc)
    i.PID_Init                               0x08001898   Section        0  mian.o(i.PID_Init)
    i.PID_out                                0x080018d8   Section        0  jdq.o(i.PID_out)
    i.PendSV_Handler                         0x0800191c   Section        0  stm32f10x_it.o(i.PendSV_Handler)
    i.RCC_AHBPeriphClockCmd                  0x08001920   Section        0  stm32f10x_rcc.o(i.RCC_AHBPeriphClockCmd)
    i.RCC_APB1PeriphClockCmd                 0x08001940   Section        0  stm32f10x_rcc.o(i.RCC_APB1PeriphClockCmd)
    i.RCC_APB1PeriphResetCmd                 0x08001960   Section        0  stm32f10x_rcc.o(i.RCC_APB1PeriphResetCmd)
    i.RCC_APB2PeriphClockCmd                 0x08001980   Section        0  stm32f10x_rcc.o(i.RCC_APB2PeriphClockCmd)
    i.RCC_GetClocksFreq                      0x080019a0   Section        0  stm32f10x_rcc.o(i.RCC_GetClocksFreq)
    i.SVC_Handler                            0x08001a74   Section        0  stm32f10x_it.o(i.SVC_Handler)
    i.SetSysClock                            0x08001a76   Section        0  system_stm32f10x.o(i.SetSysClock)
    SetSysClock                              0x08001a77   Thumb Code     8  system_stm32f10x.o(i.SetSysClock)
    i.SetSysClockTo72                        0x08001a80   Section        0  system_stm32f10x.o(i.SetSysClockTo72)
    SetSysClockTo72                          0x08001a81   Thumb Code   214  system_stm32f10x.o(i.SetSysClockTo72)
    i.SysTick_Config                         0x08001b60   Section        0  bsp_systick.o(i.SysTick_Config)
    SysTick_Config                           0x08001b61   Thumb Code    76  bsp_systick.o(i.SysTick_Config)
    i.SysTick_Handler                        0x08001bb4   Section        0  stm32f10x_it.o(i.SysTick_Handler)
    i.SystemInit                             0x08001bb8   Section        0  system_stm32f10x.o(i.SystemInit)
    i.TIM3_IRQHandler                        0x08001c18   Section        0  tim.o(i.TIM3_IRQHandler)
    i.TIM3_Int_Init                          0x08001c44   Section        0  tim.o(i.TIM3_Int_Init)
    i.TIM4_IRQHandler                        0x08001ca4   Section        0  tim.o(i.TIM4_IRQHandler)
    i.TIM4_Int_Init                          0x08001d04   Section        0  tim.o(i.TIM4_Int_Init)
    i.TIM_ClearITPendingBit                  0x08001d60   Section        0  stm32f10x_tim.o(i.TIM_ClearITPendingBit)
    i.TIM_Cmd                                0x08001d66   Section        0  stm32f10x_tim.o(i.TIM_Cmd)
    i.TIM_GetITStatus                        0x08001d7e   Section        0  stm32f10x_tim.o(i.TIM_GetITStatus)
    i.TIM_ITConfig                           0x08001da0   Section        0  stm32f10x_tim.o(i.TIM_ITConfig)
    i.TIM_TimeBaseInit                       0x08001db4   Section        0  stm32f10x_tim.o(i.TIM_TimeBaseInit)
    i.USART_Cmd                              0x08001e58   Section        0  stm32f10x_usart.o(i.USART_Cmd)
    i.USART_DMACmd                           0x08001e70   Section        0  stm32f10x_usart.o(i.USART_DMACmd)
    i.USART_GetFlagStatus                    0x08001e82   Section        0  stm32f10x_usart.o(i.USART_GetFlagStatus)
    i.USART_Init                             0x08001e9c   Section        0  stm32f10x_usart.o(i.USART_Init)
    i.USART_SendData                         0x08001f74   Section        0  stm32f10x_usart.o(i.USART_SendData)
    i.UsageFault_Handler                     0x08001f7c   Section        0  stm32f10x_it.o(i.UsageFault_Handler)
    i.WriteCmd                               0x08001f80   Section        0  oled.o(i.WriteCmd)
    i.WriteDat                               0x08001f8e   Section        0  oled.o(i.WriteDat)
    i.__0printf                              0x08001f9c   Section        0  printfa.o(i.__0printf)
    i.__0sprintf                             0x08001fbc   Section        0  printfa.o(i.__0sprintf)
    i.__scatterload_copy                     0x08001fe4   Section       14  handlers.o(i.__scatterload_copy)
    i.__scatterload_null                     0x08001ff2   Section        2  handlers.o(i.__scatterload_null)
    i.__scatterload_zeroinit                 0x08001ff4   Section       14  handlers.o(i.__scatterload_zeroinit)
    i._fp_digits                             0x08002004   Section        0  printfa.o(i._fp_digits)
    _fp_digits                               0x08002005   Thumb Code   366  printfa.o(i._fp_digits)
    i._printf_core                           0x08002188   Section        0  printfa.o(i._printf_core)
    _printf_core                             0x08002189   Thumb Code  1744  printfa.o(i._printf_core)
    i._printf_post_padding                   0x08002864   Section        0  printfa.o(i._printf_post_padding)
    _printf_post_padding                     0x08002865   Thumb Code    36  printfa.o(i._printf_post_padding)
    i._printf_pre_padding                    0x08002888   Section        0  printfa.o(i._printf_pre_padding)
    _printf_pre_padding                      0x08002889   Thumb Code    46  printfa.o(i._printf_pre_padding)
    i._sputc                                 0x080028b6   Section        0  printfa.o(i._sputc)
    _sputc                                   0x080028b7   Thumb Code    10  printfa.o(i._sputc)
    i.fputc                                  0x080028c0   Section        0  bsp_usart.o(i.fputc)
    i.hardwareinit                           0x080028e4   Section        0  mian.o(i.hardwareinit)
    i.initValuePack                          0x0800291c   Section        0  valuepack.o(i.initValuePack)
    i.main                                   0x08002a28   Section        0  mian.o(i.main)
    i.readValuePack                          0x08002b38   Section        0  valuepack.o(i.readValuePack)
    i.sendBuffer                             0x08002d7c   Section        0  valuepack.o(i.sendBuffer)
    i.sendValuePack                          0x08002dcc   Section        0  valuepack.o(i.sendValuePack)
    .constdata                               0x08002edc   Section     3096  oled.o(.constdata)
    .data                                    0x20000000   Section       50  valuepack.o(.data)
    .data                                    0x20000032   Section       20  stm32f10x_rcc.o(.data)
    APBAHBPrescTable                         0x20000032   Data          16  stm32f10x_rcc.o(.data)
    ADCPrescTable                            0x20000042   Data           4  stm32f10x_rcc.o(.data)
    .data                                    0x20000046   Section        2  jdq.o(.data)
    .data                                    0x20000048   Section        4  stdout.o(.data)
    .bss                                     0x2000004c   Section     1092  valuepack.o(.bss)
    .bss                                     0x20000490   Section       72  pid.o(.bss)
    STACK                                    0x200004d8   Section     1024  startup_stm32f10x_hd.o(STACK)

    Global Symbols

    Symbol Name                              Value     Ov Type        Size  Object(Section)

    BuildAttributes$$THM_ISAv4$P$D$K$B$S$PE$A:L22UL41UL21$X:L11$S22US41US21$IEEE1$IW$USESV6$~STKCKD$USESV7$~SHL$OTIME$ROPI$EBA8$MICROLIB$REQ8$PRES8$EABIv2 0x00000000   Number         0  anon$$obj.o ABSOLUTE
    __ARM_use_no_argv                        0x00000000   Number         0  mian.o ABSOLUTE
    _printf_a                                0x00000000   Number         0  stubs.o ABSOLUTE
    _printf_c                                0x00000000   Number         0  stubs.o ABSOLUTE
    _printf_charcount                        0x00000000   Number         0  stubs.o ABSOLUTE
    _printf_d                                0x00000000   Number         0  stubs.o ABSOLUTE
    _printf_e                                0x00000000   Number         0  stubs.o ABSOLUTE
    _printf_f                                0x00000000   Number         0  stubs.o ABSOLUTE
    _printf_flags                            0x00000000   Number         0  stubs.o ABSOLUTE
    _printf_fp_dec                           0x00000000   Number         0  stubs.o ABSOLUTE
    _printf_fp_hex                           0x00000000   Number         0  stubs.o ABSOLUTE
    _printf_g                                0x00000000   Number         0  stubs.o ABSOLUTE
    _printf_i                                0x00000000   Number         0  stubs.o ABSOLUTE
    _printf_int_dec                          0x00000000   Number         0  stubs.o ABSOLUTE
    _printf_l                                0x00000000   Number         0  stubs.o ABSOLUTE
    _printf_lc                               0x00000000   Number         0  stubs.o ABSOLUTE
    _printf_ll                               0x00000000   Number         0  stubs.o ABSOLUTE
    _printf_lld                              0x00000000   Number         0  stubs.o ABSOLUTE
    _printf_lli                              0x00000000   Number         0  stubs.o ABSOLUTE
    _printf_llo                              0x00000000   Number         0  stubs.o ABSOLUTE
    _printf_llu                              0x00000000   Number         0  stubs.o ABSOLUTE
    _printf_llx                              0x00000000   Number         0  stubs.o ABSOLUTE
    _printf_longlong_dec                     0x00000000   Number         0  stubs.o ABSOLUTE
    _printf_longlong_hex                     0x00000000   Number         0  stubs.o ABSOLUTE
    _printf_longlong_oct                     0x00000000   Number         0  stubs.o ABSOLUTE
    _printf_ls                               0x00000000   Number         0  stubs.o ABSOLUTE
    _printf_mbtowc                           0x00000000   Number         0  stubs.o ABSOLUTE
    _printf_n                                0x00000000   Number         0  stubs.o ABSOLUTE
    _printf_o                                0x00000000   Number         0  stubs.o ABSOLUTE
    _printf_p                                0x00000000   Number         0  stubs.o ABSOLUTE
    _printf_percent                          0x00000000   Number         0  stubs.o ABSOLUTE
    _printf_pre_padding                      0x00000000   Number         0  stubs.o ABSOLUTE
    _printf_return_value                     0x00000000   Number         0  stubs.o ABSOLUTE
    _printf_s                                0x00000000   Number         0  stubs.o ABSOLUTE
    _printf_sizespec                         0x00000000   Number         0  stubs.o ABSOLUTE
    _printf_str                              0x00000000   Number         0  stubs.o ABSOLUTE
    _printf_truncate_signed                  0x00000000   Number         0  stubs.o ABSOLUTE
    _printf_truncate_unsigned                0x00000000   Number         0  stubs.o ABSOLUTE
    _printf_u                                0x00000000   Number         0  stubs.o ABSOLUTE
    _printf_wc                               0x00000000   Number         0  stubs.o ABSOLUTE
    _printf_wctomb                           0x00000000   Number         0  stubs.o ABSOLUTE
    _printf_widthprec                        0x00000000   Number         0  stubs.o ABSOLUTE
    _printf_x                                0x00000000   Number         0  stubs.o ABSOLUTE
    __cpp_initialize__aeabi_                  - Undefined Weak Reference
    __cxa_finalize                            - Undefined Weak Reference
    __decompress                              - Undefined Weak Reference
    _clock_init                               - Undefined Weak Reference
    _microlib_exit                            - Undefined Weak Reference
    __Vectors_Size                           0x00000130   Number         0  startup_stm32f10x_hd.o ABSOLUTE
    __Vectors                                0x08000000   Data           4  startup_stm32f10x_hd.o(RESET)
    __Vectors_End                            0x08000130   Data           0  startup_stm32f10x_hd.o(RESET)
    __main                                   0x08000131   Thumb Code     0  entry.o(.ARM.Collect$$$$00000000)
    _main_stk                                0x08000131   Thumb Code     0  entry2.o(.ARM.Collect$$$$00000001)
    _main_scatterload                        0x08000135   Thumb Code     0  entry5.o(.ARM.Collect$$$$00000004)
    __main_after_scatterload                 0x08000139   Thumb Code     0  entry5.o(.ARM.Collect$$$$00000004)
    _main_clock                              0x08000139   Thumb Code     0  entry7b.o(.ARM.Collect$$$$00000008)
    _main_cpp_init                           0x08000139   Thumb Code     0  entry8b.o(.ARM.Collect$$$$0000000A)
    _main_init                               0x08000139   Thumb Code     0  entry9a.o(.ARM.Collect$$$$0000000B)
    __rt_final_cpp                           0x08000141   Thumb Code     0  entry10a.o(.ARM.Collect$$$$0000000D)
    __rt_final_exit                          0x08000141   Thumb Code     0  entry11a.o(.ARM.Collect$$$$0000000F)
    Reset_Handler                            0x08000145   Thumb Code     8  startup_stm32f10x_hd.o(.text)
    ADC1_2_IRQHandler                        0x0800015f   Thumb Code     0  startup_stm32f10x_hd.o(.text)
    ADC3_IRQHandler                          0x0800015f   Thumb Code     0  startup_stm32f10x_hd.o(.text)
    CAN1_RX1_IRQHandler                      0x0800015f   Thumb Code     0  startup_stm32f10x_hd.o(.text)
    CAN1_SCE_IRQHandler                      0x0800015f   Thumb Code     0  startup_stm32f10x_hd.o(.text)
    DMA1_Channel1_IRQHandler                 0x0800015f   Thumb Code     0  startup_stm32f10x_hd.o(.text)
    DMA1_Channel2_IRQHandler                 0x0800015f   Thumb Code     0  startup_stm32f10x_hd.o(.text)
    DMA1_Channel3_IRQHandler                 0x0800015f   Thumb Code     0  startup_stm32f10x_hd.o(.text)
    DMA1_Channel4_IRQHandler                 0x0800015f   Thumb Code     0  startup_stm32f10x_hd.o(.text)
    DMA1_Channel5_IRQHandler                 0x0800015f   Thumb Code     0  startup_stm32f10x_hd.o(.text)
    DMA1_Channel6_IRQHandler                 0x0800015f   Thumb Code     0  startup_stm32f10x_hd.o(.text)
    DMA1_Channel7_IRQHandler                 0x0800015f   Thumb Code     0  startup_stm32f10x_hd.o(.text)
    DMA2_Channel1_IRQHandler                 0x0800015f   Thumb Code     0  startup_stm32f10x_hd.o(.text)
    DMA2_Channel2_IRQHandler                 0x0800015f   Thumb Code     0  startup_stm32f10x_hd.o(.text)
    DMA2_Channel3_IRQHandler                 0x0800015f   Thumb Code     0  startup_stm32f10x_hd.o(.text)
    DMA2_Channel4_5_IRQHandler               0x0800015f   Thumb Code     0  startup_stm32f10x_hd.o(.text)
    EXTI0_IRQHandler                         0x0800015f   Thumb Code     0  startup_stm32f10x_hd.o(.text)
    EXTI15_10_IRQHandler                     0x0800015f   Thumb Code     0  startup_stm32f10x_hd.o(.text)
    EXTI1_IRQHandler                         0x0800015f   Thumb Code     0  startup_stm32f10x_hd.o(.text)
    EXTI2_IRQHandler                         0x0800015f   Thumb Code     0  startup_stm32f10x_hd.o(.text)
    EXTI3_IRQHandler                         0x0800015f   Thumb Code     0  startup_stm32f10x_hd.o(.text)
    EXTI4_IRQHandler                         0x0800015f   Thumb Code     0  startup_stm32f10x_hd.o(.text)
    EXTI9_5_IRQHandler                       0x0800015f   Thumb Code     0  startup_stm32f10x_hd.o(.text)
    FLASH_IRQHandler                         0x0800015f   Thumb Code     0  startup_stm32f10x_hd.o(.text)
    FSMC_IRQHandler                          0x0800015f   Thumb Code     0  startup_stm32f10x_hd.o(.text)
    I2C1_ER_IRQHandler                       0x0800015f   Thumb Code     0  startup_stm32f10x_hd.o(.text)
    I2C1_EV_IRQHandler                       0x0800015f   Thumb Code     0  startup_stm32f10x_hd.o(.text)
    I2C2_ER_IRQHandler                       0x0800015f   Thumb Code     0  startup_stm32f10x_hd.o(.text)
    I2C2_EV_IRQHandler                       0x0800015f   Thumb Code     0  startup_stm32f10x_hd.o(.text)
    PVD_IRQHandler                           0x0800015f   Thumb Code     0  startup_stm32f10x_hd.o(.text)
    RCC_IRQHandler                           0x0800015f   Thumb Code     0  startup_stm32f10x_hd.o(.text)
    RTCAlarm_IRQHandler                      0x0800015f   Thumb Code     0  startup_stm32f10x_hd.o(.text)
    RTC_IRQHandler                           0x0800015f   Thumb Code     0  startup_stm32f10x_hd.o(.text)
    SDIO_IRQHandler                          0x0800015f   Thumb Code     0  startup_stm32f10x_hd.o(.text)
    SPI1_IRQHandler                          0x0800015f   Thumb Code     0  startup_stm32f10x_hd.o(.text)
    SPI2_IRQHandler                          0x0800015f   Thumb Code     0  startup_stm32f10x_hd.o(.text)
    SPI3_IRQHandler                          0x0800015f   Thumb Code     0  startup_stm32f10x_hd.o(.text)
    TAMPER_IRQHandler                        0x0800015f   Thumb Code     0  startup_stm32f10x_hd.o(.text)
    TIM1_BRK_IRQHandler                      0x0800015f   Thumb Code     0  startup_stm32f10x_hd.o(.text)
    TIM1_CC_IRQHandler                       0x0800015f   Thumb Code     0  startup_stm32f10x_hd.o(.text)
    TIM1_TRG_COM_IRQHandler                  0x0800015f   Thumb Code     0  startup_stm32f10x_hd.o(.text)
    TIM1_UP_IRQHandler                       0x0800015f   Thumb Code     0  startup_stm32f10x_hd.o(.text)
    TIM2_IRQHandler                          0x0800015f   Thumb Code     0  startup_stm32f10x_hd.o(.text)
    TIM5_IRQHandler                          0x0800015f   Thumb Code     0  startup_stm32f10x_hd.o(.text)
    TIM6_IRQHandler                          0x0800015f   Thumb Code     0  startup_stm32f10x_hd.o(.text)
    TIM7_IRQHandler                          0x0800015f   Thumb Code     0  startup_stm32f10x_hd.o(.text)
    TIM8_BRK_IRQHandler                      0x0800015f   Thumb Code     0  startup_stm32f10x_hd.o(.text)
    TIM8_CC_IRQHandler                       0x0800015f   Thumb Code     0  startup_stm32f10x_hd.o(.text)
    TIM8_TRG_COM_IRQHandler                  0x0800015f   Thumb Code     0  startup_stm32f10x_hd.o(.text)
    TIM8_UP_IRQHandler                       0x0800015f   Thumb Code     0  startup_stm32f10x_hd.o(.text)
    UART4_IRQHandler                         0x0800015f   Thumb Code     0  startup_stm32f10x_hd.o(.text)
    UART5_IRQHandler                         0x0800015f   Thumb Code     0  startup_stm32f10x_hd.o(.text)
    USART1_IRQHandler                        0x0800015f   Thumb Code     0  startup_stm32f10x_hd.o(.text)
    USART2_IRQHandler                        0x0800015f   Thumb Code     0  startup_stm32f10x_hd.o(.text)
    USART3_IRQHandler                        0x0800015f   Thumb Code     0  startup_stm32f10x_hd.o(.text)
    USBWakeUp_IRQHandler                     0x0800015f   Thumb Code     0  startup_stm32f10x_hd.o(.text)
    USB_HP_CAN1_TX_IRQHandler                0x0800015f   Thumb Code     0  startup_stm32f10x_hd.o(.text)
    USB_LP_CAN1_RX0_IRQHandler               0x0800015f   Thumb Code     0  startup_stm32f10x_hd.o(.text)
    WWDG_IRQHandler                          0x0800015f   Thumb Code     0  startup_stm32f10x_hd.o(.text)
    __aeabi_fadd                             0x08000169   Thumb Code   164  fadd.o(.text)
    __aeabi_fsub                             0x0800020d   Thumb Code     6  fadd.o(.text)
    __aeabi_frsub                            0x08000213   Thumb Code     6  fadd.o(.text)
    __aeabi_fmul                             0x08000219   Thumb Code   100  fmul.o(.text)
    __aeabi_fdiv                             0x0800027d   Thumb Code   124  fdiv.o(.text)
    __aeabi_dmul                             0x080002f9   Thumb Code   228  dmul.o(.text)
    __aeabi_ddiv                             0x080003dd   Thumb Code   222  ddiv.o(.text)
    __aeabi_i2f                              0x080004bb   Thumb Code    18  fflti.o(.text)
    __aeabi_ui2f                             0x080004cd   Thumb Code    10  ffltui.o(.text)
    __aeabi_i2d                              0x080004d7   Thumb Code    34  dflti.o(.text)
    __aeabi_f2iz                             0x080004f9   Thumb Code    50  ffixi.o(.text)
    __aeabi_f2uiz                            0x0800052b   Thumb Code    40  ffixui.o(.text)
    __aeabi_f2d                              0x08000553   Thumb Code    38  f2d.o(.text)
    __aeabi_cdcmpeq                          0x08000579   Thumb Code     0  cdcmple.o(.text)
    __aeabi_cdcmple                          0x08000579   Thumb Code    48  cdcmple.o(.text)
    __aeabi_d2f                              0x080005a9   Thumb Code    56  d2f.o(.text)
    __aeabi_cfcmpeq                          0x080005e1   Thumb Code     0  cfcmple.o(.text)
    __aeabi_cfcmple                          0x080005e1   Thumb Code    20  cfcmple.o(.text)
    __aeabi_cfrcmple                         0x080005f5   Thumb Code    20  cfrcmple.o(.text)
    __aeabi_uidiv                            0x08000609   Thumb Code     0  uidiv.o(.text)
    __aeabi_uidivmod                         0x08000609   Thumb Code    44  uidiv.o(.text)
    __aeabi_uldivmod                         0x08000635   Thumb Code    98  uldiv.o(.text)
    __aeabi_llsr                             0x08000697   Thumb Code    32  llushr.o(.text)
    _ll_ushift_r                             0x08000697   Thumb Code     0  llushr.o(.text)
    __I$use$fp                               0x080006b7   Thumb Code     0  iusefp.o(.text)
    _float_round                             0x080006b7   Thumb Code    18  fepilogue.o(.text)
    _float_epilogue                          0x080006c9   Thumb Code    92  fepilogue.o(.text)
    _double_round                            0x08000725   Thumb Code    30  depilogue.o(.text)
    _double_epilogue                         0x08000743   Thumb Code   156  depilogue.o(.text)
    __aeabi_dadd                             0x080007df   Thumb Code   322  dadd.o(.text)
    __aeabi_dsub                             0x08000921   Thumb Code     6  dadd.o(.text)
    __aeabi_drsub                            0x08000927   Thumb Code     6  dadd.o(.text)
    __aeabi_d2ulz                            0x0800092d   Thumb Code    48  dfixul.o(.text)
    __aeabi_cdrcmple                         0x0800095d   Thumb Code    48  cdrcmple.o(.text)
    __scatterload                            0x0800098d   Thumb Code    28  init.o(.text)
    __scatterload_rt2                        0x0800098d   Thumb Code     0  init.o(.text)
    __aeabi_llsl                             0x080009b1   Thumb Code    30  llshl.o(.text)
    _ll_shift_l                              0x080009b1   Thumb Code     0  llshl.o(.text)
    __aeabi_lasr                             0x080009cf   Thumb Code    36  llsshr.o(.text)
    _ll_sshift_r                             0x080009cf   Thumb Code     0  llsshr.o(.text)
    BusFault_Handler                         0x080009f3   Thumb Code     4  stm32f10x_it.o(i.BusFault_Handler)
    DMA_Cmd                                  0x080009f7   Thumb Code    24  stm32f10x_dma.o(i.DMA_Cmd)
    DMA_DeInit                               0x08000a11   Thumb Code   324  stm32f10x_dma.o(i.DMA_DeInit)
    DMA_Init                                 0x08000b5d   Thumb Code    60  stm32f10x_dma.o(i.DMA_Init)
    DS18B20_Check                            0x08000b99   Thumb Code    92  ds18b20.o(i.DS18B20_Check)
    DS18B20_Get_Temp                         0x08000bfd   Thumb Code   124  ds18b20.o(i.DS18B20_Get_Temp)
    DS18B20_Init                             0x08000c7d   Thumb Code    54  ds18b20.o(i.DS18B20_Init)
    DS18B20_Read_Bit                         0x08000cb9   Thumb Code    96  ds18b20.o(i.DS18B20_Read_Bit)
    DS18B20_Read_Byte                        0x08000d25   Thumb Code    34  ds18b20.o(i.DS18B20_Read_Byte)
    DS18B20_Rst                              0x08000d49   Thumb Code    54  ds18b20.o(i.DS18B20_Rst)
    DS18B20_Start                            0x08000d8d   Thumb Code    24  ds18b20.o(i.DS18B20_Start)
    DS18B20_Write_Byte                       0x08000da5   Thumb Code   102  ds18b20.o(i.DS18B20_Write_Byte)
    DebugMon_Handler                         0x08000e19   Thumb Code     2  stm32f10x_it.o(i.DebugMon_Handler)
    Delay_ms                                 0x08000e1d   Thumb Code    54  bsp_systick.o(i.Delay_ms)
    Delay_us                                 0x08000e59   Thumb Code    54  bsp_systick.o(i.Delay_us)
    GPIO_Init                                0x08000e8f   Thumb Code   278  stm32f10x_gpio.o(i.GPIO_Init)
    GPIO_ReadInputDataBit                    0x08000fa5   Thumb Code    18  stm32f10x_gpio.o(i.GPIO_ReadInputDataBit)
    GPIO_SetBits                             0x08000fb7   Thumb Code     4  stm32f10x_gpio.o(i.GPIO_SetBits)
    HardFault_Handler                        0x08000fbb   Thumb Code     4  stm32f10x_it.o(i.HardFault_Handler)
    I2C_CheckEvent                           0x08000fbf   Thumb Code    42  stm32f10x_i2c.o(i.I2C_CheckEvent)
    I2C_Cmd                                  0x08000fe9   Thumb Code    24  stm32f10x_i2c.o(i.I2C_Cmd)
    I2C_Configuration                        0x08001001   Thumb Code   110  oled.o(i.I2C_Configuration)
    I2C_DeInit                               0x0800107d   Thumb Code    50  stm32f10x_i2c.o(i.I2C_DeInit)
    I2C_GenerateSTART                        0x080010b5   Thumb Code    24  stm32f10x_i2c.o(i.I2C_GenerateSTART)
    I2C_GenerateSTOP                         0x080010cd   Thumb Code    24  stm32f10x_i2c.o(i.I2C_GenerateSTOP)
    I2C_GetFlagStatus                        0x080010e5   Thumb Code    58  stm32f10x_i2c.o(i.I2C_GetFlagStatus)
    I2C_Init                                 0x08001121   Thumb Code   222  stm32f10x_i2c.o(i.I2C_Init)
    I2C_Send7bitAddress                      0x0800120d   Thumb Code    18  stm32f10x_i2c.o(i.I2C_Send7bitAddress)
    I2C_SendData                             0x0800121f   Thumb Code     4  stm32f10x_i2c.o(i.I2C_SendData)
    I2C_WriteByte                            0x08001225   Thumb Code   126  oled.o(i.I2C_WriteByte)
    JDQ_Init                                 0x080012b1   Thumb Code    50  jdq.o(i.JDQ_Init)
    Key_GPIO_Config                          0x080012e9   Thumb Code    76  key.o(i.Key_GPIO_Config)
    Key_Scan                                 0x0800133d   Thumb Code    38  key.o(i.Key_Scan)
    MemManage_Handler                        0x08001363   Thumb Code     4  stm32f10x_it.o(i.MemManage_Handler)
    NMI_Handler                              0x08001367   Thumb Code     2  stm32f10x_it.o(i.NMI_Handler)
    NVIC_Init                                0x08001369   Thumb Code   100  misc.o(i.NVIC_Init)
    OLED_CLS                                 0x080013d9   Thumb Code    10  oled.o(i.OLED_CLS)
    OLED_Fill                                0x080013e3   Thumb Code    58  oled.o(i.OLED_Fill)
    OLED_Init                                0x0800141d   Thumb Code   178  oled.o(i.OLED_Init)
    OLED_Pow                                 0x080014cf   Thumb Code    22  oled.o(i.OLED_Pow)
    OLED_SetPos                              0x080014e5   Thumb Code    40  oled.o(i.OLED_SetPos)
    OLED_ShowChar                            0x0800150d   Thumb Code   148  oled.o(i.OLED_ShowChar)
    OLED_ShowNum                             0x080015a9   Thumb Code   136  oled.o(i.OLED_ShowNum)
    OLED_ShowStr                             0x08001631   Thumb Code   228  oled.o(i.OLED_ShowStr)
    PID_Calc                                 0x0800171d   Thumb Code   364  pid.o(i.PID_Calc)
    PID_Init                                 0x08001899   Thumb Code    40  mian.o(i.PID_Init)
    PID_out                                  0x080018d9   Thumb Code    56  jdq.o(i.PID_out)
    PendSV_Handler                           0x0800191d   Thumb Code     2  stm32f10x_it.o(i.PendSV_Handler)
    RCC_AHBPeriphClockCmd                    0x08001921   Thumb Code    26  stm32f10x_rcc.o(i.RCC_AHBPeriphClockCmd)
    RCC_APB1PeriphClockCmd                   0x08001941   Thumb Code    26  stm32f10x_rcc.o(i.RCC_APB1PeriphClockCmd)
    RCC_APB1PeriphResetCmd                   0x08001961   Thumb Code    26  stm32f10x_rcc.o(i.RCC_APB1PeriphResetCmd)
    RCC_APB2PeriphClockCmd                   0x08001981   Thumb Code    26  stm32f10x_rcc.o(i.RCC_APB2PeriphClockCmd)
    RCC_GetClocksFreq                        0x080019a1   Thumb Code   192  stm32f10x_rcc.o(i.RCC_GetClocksFreq)
    SVC_Handler                              0x08001a75   Thumb Code     2  stm32f10x_it.o(i.SVC_Handler)
    SysTick_Handler                          0x08001bb5   Thumb Code     2  stm32f10x_it.o(i.SysTick_Handler)
    SystemInit                               0x08001bb9   Thumb Code    78  system_stm32f10x.o(i.SystemInit)
    TIM3_IRQHandler                          0x08001c19   Thumb Code    36  tim.o(i.TIM3_IRQHandler)
    TIM3_Int_Init                            0x08001c45   Thumb Code    90  tim.o(i.TIM3_Int_Init)
    TIM4_IRQHandler                          0x08001ca5   Thumb Code    72  tim.o(i.TIM4_IRQHandler)
    TIM4_Int_Init                            0x08001d05   Thumb Code    86  tim.o(i.TIM4_Int_Init)
    TIM_ClearITPendingBit                    0x08001d61   Thumb Code     6  stm32f10x_tim.o(i.TIM_ClearITPendingBit)
    TIM_Cmd                                  0x08001d67   Thumb Code    24  stm32f10x_tim.o(i.TIM_Cmd)
    TIM_GetITStatus                          0x08001d7f   Thumb Code    34  stm32f10x_tim.o(i.TIM_GetITStatus)
    TIM_ITConfig                             0x08001da1   Thumb Code    18  stm32f10x_tim.o(i.TIM_ITConfig)
    TIM_TimeBaseInit                         0x08001db5   Thumb Code   122  stm32f10x_tim.o(i.TIM_TimeBaseInit)
    USART_Cmd                                0x08001e59   Thumb Code    24  stm32f10x_usart.o(i.USART_Cmd)
    USART_DMACmd                             0x08001e71   Thumb Code    18  stm32f10x_usart.o(i.USART_DMACmd)
    USART_GetFlagStatus                      0x08001e83   Thumb Code    26  stm32f10x_usart.o(i.USART_GetFlagStatus)
    USART_Init                               0x08001e9d   Thumb Code   210  stm32f10x_usart.o(i.USART_Init)
    USART_SendData                           0x08001f75   Thumb Code     8  stm32f10x_usart.o(i.USART_SendData)
    UsageFault_Handler                       0x08001f7d   Thumb Code     4  stm32f10x_it.o(i.UsageFault_Handler)
    WriteCmd                                 0x08001f81   Thumb Code    14  oled.o(i.WriteCmd)
    WriteDat                                 0x08001f8f   Thumb Code    14  oled.o(i.WriteDat)
    __0printf                                0x08001f9d   Thumb Code    22  printfa.o(i.__0printf)
    __1printf                                0x08001f9d   Thumb Code     0  printfa.o(i.__0printf)
    __2printf                                0x08001f9d   Thumb Code     0  printfa.o(i.__0printf)
    __c89printf                              0x08001f9d   Thumb Code     0  printfa.o(i.__0printf)
    printf                                   0x08001f9d   Thumb Code     0  printfa.o(i.__0printf)
    __0sprintf                               0x08001fbd   Thumb Code    34  printfa.o(i.__0sprintf)
    __1sprintf                               0x08001fbd   Thumb Code     0  printfa.o(i.__0sprintf)
    __2sprintf                               0x08001fbd   Thumb Code     0  printfa.o(i.__0sprintf)
    __c89sprintf                             0x08001fbd   Thumb Code     0  printfa.o(i.__0sprintf)
    sprintf                                  0x08001fbd   Thumb Code     0  printfa.o(i.__0sprintf)
    __scatterload_copy                       0x08001fe5   Thumb Code    14  handlers.o(i.__scatterload_copy)
    __scatterload_null                       0x08001ff3   Thumb Code     2  handlers.o(i.__scatterload_null)
    __scatterload_zeroinit                   0x08001ff5   Thumb Code    14  handlers.o(i.__scatterload_zeroinit)
    fputc                                    0x080028c1   Thumb Code    32  bsp_usart.o(i.fputc)
    hardwareinit                             0x080028e5   Thumb Code    54  mian.o(i.hardwareinit)
    initValuePack                            0x0800291d   Thumb Code   246  valuepack.o(i.initValuePack)
    main                                     0x08002a29   Thumb Code   228  mian.o(i.main)
    readValuePack                            0x08002b39   Thumb Code   518  valuepack.o(i.readValuePack)
    sendBuffer                               0x08002d7d   Thumb Code    68  valuepack.o(i.sendBuffer)
    sendValuePack                            0x08002dcd   Thumb Code   252  valuepack.o(i.sendValuePack)
    F6x8                                     0x08002edc   Data         552  oled.o(.constdata)
    F8X16                                    0x08003104   Data        1520  oled.o(.constdata)
    BMP1                                     0x080036f4   Data        1024  oled.o(.constdata)
    Region$$Table$$Base                      0x08003af4   Number         0  anon$$obj.o(Region$$Table)
    Region$$Table$$Limit                     0x08003b14   Number         0  anon$$obj.o(Region$$Table)
    rxpack                                   0x20000000   Data           8  valuepack.o(.data)
    rx_pack_length                           0x20000008   Data           2  valuepack.o(.data)
    rxIndex                                  0x2000000c   Data           4  valuepack.o(.data)
    rdIndex                                  0x20000010   Data           4  valuepack.o(.data)
    this_index                               0x20000014   Data           2  valuepack.o(.data)
    last_index                               0x20000016   Data           2  valuepack.o(.data)
    rdi                                      0x20000018   Data           2  valuepack.o(.data)
    rdii                                     0x2000001a   Data           2  valuepack.o(.data)
    idl                                      0x2000001c   Data           2  valuepack.o(.data)
    idi                                      0x2000001e   Data           2  valuepack.o(.data)
    bool_index                               0x20000020   Data           2  valuepack.o(.data)
    bool_bit                                 0x20000022   Data           2  valuepack.o(.data)
    idc                                      0x20000024   Data           4  valuepack.o(.data)
    err                                      0x20000028   Data           4  valuepack.o(.data)
    sum                                      0x2000002c   Data           1  valuepack.o(.data)
    isok                                     0x2000002d   Data           1  valuepack.o(.data)
    loop                                     0x2000002e   Data           2  valuepack.o(.data)
    valuepack_tx_bit_index                   0x20000030   Data           1  valuepack.o(.data)
    valuepack_tx_index                       0x20000031   Data           1  valuepack.o(.data)
    pw                                       0x20000046   Data           2  jdq.o(.data)
    __stdout                                 0x20000048   Data           4  stdout.o(.data)
    txpack                                   0x2000004c   Data          12  valuepack.o(.bss)
    vp_rxbuff                                0x20000058   Data        1024  valuepack.o(.bss)
    vp_txbuff                                0x20000458   Data          11  valuepack.o(.bss)
    dma                                      0x20000464   Data          44  valuepack.o(.bss)
    pid                                      0x20000490   Data          72  pid.o(.bss)
    __initial_sp                             0x200008d8   Data           0  startup_stm32f10x_hd.o(STACK)



==============================================================================

Memory Map of the image

  Image Entry point : 0x08000131

  Load Region LR_IROM1 (Base: 0x08000000, Size: 0x00003b60, Max: 0x00080000, ABSOLUTE)

    Execution Region ER_IROM1 (Base: 0x08000000, Size: 0x00003b14, Max: 0x00080000, ABSOLUTE)

    Base Addr    Size         Type   Attr      Idx    E Section Name        Object

    0x08000000   0x00000130   Data   RO            3    RESET               startup_stm32f10x_hd.o
    0x08000130   0x00000000   Code   RO         2346  * .ARM.Collect$$$$00000000  mc_w.l(entry.o)
    0x08000130   0x00000004   Code   RO         2642    .ARM.Collect$$$$00000001  mc_w.l(entry2.o)
    0x08000134   0x00000004   Code   RO         2645    .ARM.Collect$$$$00000004  mc_w.l(entry5.o)
    0x08000138   0x00000000   Code   RO         2647    .ARM.Collect$$$$00000008  mc_w.l(entry7b.o)
    0x08000138   0x00000000   Code   RO         2649    .ARM.Collect$$$$0000000A  mc_w.l(entry8b.o)
    0x08000138   0x00000008   Code   RO         2650    .ARM.Collect$$$$0000000B  mc_w.l(entry9a.o)
    0x08000140   0x00000000   Code   RO         2652    .ARM.Collect$$$$0000000D  mc_w.l(entry10a.o)
    0x08000140   0x00000000   Code   RO         2654    .ARM.Collect$$$$0000000F  mc_w.l(entry11a.o)
    0x08000140   0x00000004   Code   RO         2643    .ARM.Collect$$$$00002712  mc_w.l(entry2.o)
    0x08000144   0x00000024   Code   RO            4    .text               startup_stm32f10x_hd.o
    0x08000168   0x000000b0   Code   RO         2610    .text               mf_w.l(fadd.o)
    0x08000218   0x00000064   Code   RO         2612    .text               mf_w.l(fmul.o)
    0x0800027c   0x0000007c   Code   RO         2614    .text               mf_w.l(fdiv.o)
    0x080002f8   0x000000e4   Code   RO         2616    .text               mf_w.l(dmul.o)
    0x080003dc   0x000000de   Code   RO         2618    .text               mf_w.l(ddiv.o)
    0x080004ba   0x00000012   Code   RO         2620    .text               mf_w.l(fflti.o)
    0x080004cc   0x0000000a   Code   RO         2622    .text               mf_w.l(ffltui.o)
    0x080004d6   0x00000022   Code   RO         2624    .text               mf_w.l(dflti.o)
    0x080004f8   0x00000032   Code   RO         2626    .text               mf_w.l(ffixi.o)
    0x0800052a   0x00000028   Code   RO         2628    .text               mf_w.l(ffixui.o)
    0x08000552   0x00000026   Code   RO         2632    .text               mf_w.l(f2d.o)
    0x08000578   0x00000030   Code   RO         2634    .text               mf_w.l(cdcmple.o)
    0x080005a8   0x00000038   Code   RO         2636    .text               mf_w.l(d2f.o)
    0x080005e0   0x00000014   Code   RO         2638    .text               mf_w.l(cfcmple.o)
    0x080005f4   0x00000014   Code   RO         2640    .text               mf_w.l(cfrcmple.o)
    0x08000608   0x0000002c   Code   RO         2657    .text               mc_w.l(uidiv.o)
    0x08000634   0x00000062   Code   RO         2659    .text               mc_w.l(uldiv.o)
    0x08000696   0x00000020   Code   RO         2661    .text               mc_w.l(llushr.o)
    0x080006b6   0x00000000   Code   RO         2663    .text               mc_w.l(iusefp.o)
    0x080006b6   0x0000006e   Code   RO         2664    .text               mf_w.l(fepilogue.o)
    0x08000724   0x000000ba   Code   RO         2666    .text               mf_w.l(depilogue.o)
    0x080007de   0x0000014e   Code   RO         2668    .text               mf_w.l(dadd.o)
    0x0800092c   0x00000030   Code   RO         2670    .text               mf_w.l(dfixul.o)
    0x0800095c   0x00000030   Code   RO         2672    .text               mf_w.l(cdrcmple.o)
    0x0800098c   0x00000024   Code   RO         2674    .text               mc_w.l(init.o)
    0x080009b0   0x0000001e   Code   RO         2676    .text               mc_w.l(llshl.o)
    0x080009ce   0x00000024   Code   RO         2678    .text               mc_w.l(llsshr.o)
    0x080009f2   0x00000004   Code   RO         1897    i.BusFault_Handler  stm32f10x_it.o
    0x080009f6   0x00000018   Code   RO          283    i.DMA_Cmd           stm32f10x_dma.o
    0x08000a0e   0x00000002   PAD
    0x08000a10   0x0000014c   Code   RO          284    i.DMA_DeInit        stm32f10x_dma.o
    0x08000b5c   0x0000003c   Code   RO          289    i.DMA_Init          stm32f10x_dma.o
    0x08000b98   0x00000064   Code   RO         2153    i.DS18B20_Check     ds18b20.o
    0x08000bfc   0x00000080   Code   RO         2154    i.DS18B20_Get_Temp  ds18b20.o
    0x08000c7c   0x0000003c   Code   RO         2157    i.DS18B20_Init      ds18b20.o
    0x08000cb8   0x0000006c   Code   RO         2158    i.DS18B20_Read_Bit  ds18b20.o
    0x08000d24   0x00000022   Code   RO         2159    i.DS18B20_Read_Byte  ds18b20.o
    0x08000d46   0x00000002   PAD
    0x08000d48   0x00000044   Code   RO         2160    i.DS18B20_Rst       ds18b20.o
    0x08000d8c   0x00000018   Code   RO         2161    i.DS18B20_Start     ds18b20.o
    0x08000da4   0x00000074   Code   RO         2162    i.DS18B20_Write_Byte  ds18b20.o
    0x08000e18   0x00000002   Code   RO         1898    i.DebugMon_Handler  stm32f10x_it.o
    0x08000e1a   0x00000002   PAD
    0x08000e1c   0x0000003c   Code   RO         2013    i.Delay_ms          bsp_systick.o
    0x08000e58   0x00000036   Code   RO         2014    i.Delay_us          bsp_systick.o
    0x08000e8e   0x00000116   Code   RO          533    i.GPIO_Init         stm32f10x_gpio.o
    0x08000fa4   0x00000012   Code   RO          537    i.GPIO_ReadInputDataBit  stm32f10x_gpio.o
    0x08000fb6   0x00000004   Code   RO          541    i.GPIO_SetBits      stm32f10x_gpio.o
    0x08000fba   0x00000004   Code   RO         1899    i.HardFault_Handler  stm32f10x_it.o
    0x08000fbe   0x0000002a   Code   RO          644    i.I2C_CheckEvent    stm32f10x_i2c.o
    0x08000fe8   0x00000018   Code   RO          647    i.I2C_Cmd           stm32f10x_i2c.o
    0x08001000   0x0000007c   Code   RO         2043    i.I2C_Configuration  oled.o
    0x0800107c   0x00000038   Code   RO          650    i.I2C_DeInit        stm32f10x_i2c.o
    0x080010b4   0x00000018   Code   RO          654    i.I2C_GenerateSTART  stm32f10x_i2c.o
    0x080010cc   0x00000018   Code   RO          655    i.I2C_GenerateSTOP  stm32f10x_i2c.o
    0x080010e4   0x0000003a   Code   RO          656    i.I2C_GetFlagStatus  stm32f10x_i2c.o
    0x0800111e   0x00000002   PAD
    0x08001120   0x000000ec   Code   RO          661    i.I2C_Init          stm32f10x_i2c.o
    0x0800120c   0x00000012   Code   RO          668    i.I2C_Send7bitAddress  stm32f10x_i2c.o
    0x0800121e   0x00000004   Code   RO          669    i.I2C_SendData      stm32f10x_i2c.o
    0x08001222   0x00000002   PAD
    0x08001224   0x0000008c   Code   RO         2044    i.I2C_WriteByte     oled.o
    0x080012b0   0x00000038   Code   RO         2286    i.JDQ_Init          jdq.o
    0x080012e8   0x00000054   Code   RO         2311    i.Key_GPIO_Config   key.o
    0x0800133c   0x00000026   Code   RO         2312    i.Key_Scan          key.o
    0x08001362   0x00000004   Code   RO         1900    i.MemManage_Handler  stm32f10x_it.o
    0x08001366   0x00000002   Code   RO         1901    i.NMI_Handler       stm32f10x_it.o
    0x08001368   0x00000070   Code   RO          179    i.NVIC_Init         misc.o
    0x080013d8   0x0000000a   Code   RO         2045    i.OLED_CLS          oled.o
    0x080013e2   0x0000003a   Code   RO         2047    i.OLED_Fill         oled.o
    0x0800141c   0x000000b2   Code   RO         2048    i.OLED_Init         oled.o
    0x080014ce   0x00000016   Code   RO         2051    i.OLED_Pow          oled.o
    0x080014e4   0x00000028   Code   RO         2052    i.OLED_SetPos       oled.o
    0x0800150c   0x0000009c   Code   RO         2054    i.OLED_ShowChar     oled.o
    0x080015a8   0x00000088   Code   RO         2055    i.OLED_ShowNum      oled.o
    0x08001630   0x000000ec   Code   RO         2056    i.OLED_ShowStr      oled.o
    0x0800171c   0x0000017c   Code   RO         2225    i.PID_Calc          pid.o
    0x08001898   0x00000040   Code   RO         1833    i.PID_Init          mian.o
    0x080018d8   0x00000044   Code   RO         2287    i.PID_out           jdq.o
    0x0800191c   0x00000002   Code   RO         1902    i.PendSV_Handler    stm32f10x_it.o
    0x0800191e   0x00000002   PAD
    0x08001920   0x00000020   Code   RO          906    i.RCC_AHBPeriphClockCmd  stm32f10x_rcc.o
    0x08001940   0x00000020   Code   RO          907    i.RCC_APB1PeriphClockCmd  stm32f10x_rcc.o
    0x08001960   0x00000020   Code   RO          908    i.RCC_APB1PeriphResetCmd  stm32f10x_rcc.o
    0x08001980   0x00000020   Code   RO          909    i.RCC_APB2PeriphClockCmd  stm32f10x_rcc.o
    0x080019a0   0x000000d4   Code   RO          917    i.RCC_GetClocksFreq  stm32f10x_rcc.o
    0x08001a74   0x00000002   Code   RO         1903    i.SVC_Handler       stm32f10x_it.o
    0x08001a76   0x00000008   Code   RO           24    i.SetSysClock       system_stm32f10x.o
    0x08001a7e   0x00000002   PAD
    0x08001a80   0x000000e0   Code   RO           25    i.SetSysClockTo72   system_stm32f10x.o
    0x08001b60   0x00000054   Code   RO         2015    i.SysTick_Config    bsp_systick.o
    0x08001bb4   0x00000002   Code   RO         1904    i.SysTick_Handler   stm32f10x_it.o
    0x08001bb6   0x00000002   PAD
    0x08001bb8   0x00000060   Code   RO           27    i.SystemInit        system_stm32f10x.o
    0x08001c18   0x0000002c   Code   RO         2243    i.TIM3_IRQHandler   tim.o
    0x08001c44   0x00000060   Code   RO         2244    i.TIM3_Int_Init     tim.o
    0x08001ca4   0x00000060   Code   RO         2245    i.TIM4_IRQHandler   tim.o
    0x08001d04   0x0000005c   Code   RO         2246    i.TIM4_Int_Init     tim.o
    0x08001d60   0x00000006   Code   RO         1116    i.TIM_ClearITPendingBit  stm32f10x_tim.o
    0x08001d66   0x00000018   Code   RO         1121    i.TIM_Cmd           stm32f10x_tim.o
    0x08001d7e   0x00000022   Code   RO         1142    i.TIM_GetITStatus   stm32f10x_tim.o
    0x08001da0   0x00000012   Code   RO         1146    i.TIM_ITConfig      stm32f10x_tim.o
    0x08001db2   0x00000002   PAD
    0x08001db4   0x000000a4   Code   RO         1192    i.TIM_TimeBaseInit  stm32f10x_tim.o
    0x08001e58   0x00000018   Code   RO         1657    i.USART_Cmd         stm32f10x_usart.o
    0x08001e70   0x00000012   Code   RO         1658    i.USART_DMACmd      stm32f10x_usart.o
    0x08001e82   0x0000001a   Code   RO         1660    i.USART_GetFlagStatus  stm32f10x_usart.o
    0x08001e9c   0x000000d8   Code   RO         1664    i.USART_Init        stm32f10x_usart.o
    0x08001f74   0x00000008   Code   RO         1674    i.USART_SendData    stm32f10x_usart.o
    0x08001f7c   0x00000004   Code   RO         1905    i.UsageFault_Handler  stm32f10x_it.o
    0x08001f80   0x0000000e   Code   RO         2057    i.WriteCmd          oled.o
    0x08001f8e   0x0000000e   Code   RO         2058    i.WriteDat          oled.o
    0x08001f9c   0x00000020   Code   RO         2582    i.__0printf         mc_w.l(printfa.o)
    0x08001fbc   0x00000028   Code   RO         2584    i.__0sprintf        mc_w.l(printfa.o)
    0x08001fe4   0x0000000e   Code   RO         2682    i.__scatterload_copy  mc_w.l(handlers.o)
    0x08001ff2   0x00000002   Code   RO         2683    i.__scatterload_null  mc_w.l(handlers.o)
    0x08001ff4   0x0000000e   Code   RO         2684    i.__scatterload_zeroinit  mc_w.l(handlers.o)
    0x08002002   0x00000002   PAD
    0x08002004   0x00000184   Code   RO         2589    i._fp_digits        mc_w.l(printfa.o)
    0x08002188   0x000006dc   Code   RO         2590    i._printf_core      mc_w.l(printfa.o)
    0x08002864   0x00000024   Code   RO         2591    i._printf_post_padding  mc_w.l(printfa.o)
    0x08002888   0x0000002e   Code   RO         2592    i._printf_pre_padding  mc_w.l(printfa.o)
    0x080028b6   0x0000000a   Code   RO         2594    i._sputc            mc_w.l(printfa.o)
    0x080028c0   0x00000024   Code   RO         1967    i.fputc             bsp_usart.o
    0x080028e4   0x00000036   Code   RO         1834    i.hardwareinit      mian.o
    0x0800291a   0x00000002   PAD
    0x0800291c   0x0000010c   Code   RO          137    i.initValuePack     valuepack.o
    0x08002a28   0x00000110   Code   RO         1835    i.main              mian.o
    0x08002b38   0x00000244   Code   RO          138    i.readValuePack     valuepack.o
    0x08002d7c   0x00000050   Code   RO          139    i.sendBuffer        valuepack.o
    0x08002dcc   0x00000110   Code   RO          140    i.sendValuePack     valuepack.o
    0x08002edc   0x00000c18   Data   RO         2060    .constdata          oled.o
    0x08003af4   0x00000020   Data   RO         2680    Region$$Table       anon$$obj.o


    Execution Region RW_IRAM1 (Base: 0x20000000, Size: 0x000008d8, Max: 0x00010000, ABSOLUTE)

    Base Addr    Size         Type   Attr      Idx    E Section Name        Object

    0x20000000   0x00000032   Data   RW          143    .data               valuepack.o
    0x20000032   0x00000014   Data   RW          937    .data               stm32f10x_rcc.o
    0x20000046   0x00000002   Data   RW         2288    .data               jdq.o
    0x20000048   0x00000004   Data   RW         2656    .data               mc_w.l(stdout.o)
    0x2000004c   0x00000444   Zero   RW          141    .bss                valuepack.o
    0x20000490   0x00000048   Zero   RW         2226    .bss                pid.o
    0x200004d8   0x00000400   Zero   RW            1    STACK               startup_stm32f10x_hd.o


==============================================================================

Image component sizes


      Code (inc. data)   RO Data    RW Data    ZI Data      Debug   Object Name

       198         14          0          0          0      16621   bsp_systick.o
        36          4          0          0          0        528   bsp_usart.o
         0          0          0          0          0       4500   core_cm3.o
       638         58          0          0          0       4280   ds18b20.o
       124         18          0          2          0       1030   jdq.o
       122          8          0          0          0       1293   key.o
       390         68          0          0          0       2589   mian.o
       112         12          0          0          0       1044   misc.o
      1128         44       3096          0          0       7871   oled.o
       380         16          0          0         72       1449   pid.o
        36          8        304          0       1024        828   startup_stm32f10x_hd.o
       416          8          0          0          0       3446   stm32f10x_dma.o
       300          0          0          0          0       3147   stm32f10x_gpio.o
       486         20          0          0          0       7191   stm32f10x_i2c.o
        26          0          0          0          0       3506   stm32f10x_it.o
       340         44          0         20          0       5587   stm32f10x_rcc.o
       246         42          0          0          0       3582   stm32f10x_tim.o
       292          6          0          0          0       4643   stm32f10x_usart.o
       328         28          0          0          0     267989   system_stm32f10x.o
       328         44          0          0          0       2072   tim.o
      1200        116          0         50       1092       4981   valuepack.o

    ----------------------------------------------------------------------
      7146        558       3432         72       2188     348177   Object Totals
         0          0         32          0          0          0   (incl. Generated)
        20          0          0          0          0          0   (incl. Padding)

    ----------------------------------------------------------------------

      Code (inc. data)   RO Data    RW Data    ZI Data      Debug   Library Member Name

         0          0          0          0          0          0   entry.o
         0          0          0          0          0          0   entry10a.o
         0          0          0          0          0          0   entry11a.o
         8          4          0          0          0          0   entry2.o
         4          0          0          0          0          0   entry5.o
         0          0          0          0          0          0   entry7b.o
         0          0          0          0          0          0   entry8b.o
         8          4          0          0          0          0   entry9a.o
        30          0          0          0          0          0   handlers.o
        36          8          0          0          0         68   init.o
         0          0          0          0          0          0   iusefp.o
        30          0          0          0          0         68   llshl.o
        36          0          0          0          0         68   llsshr.o
        32          0          0          0          0         68   llushr.o
      2308         96          0          0          0        604   printfa.o
         0          0          0          4          0          0   stdout.o
        44          0          0          0          0         80   uidiv.o
        98          0          0          0          0         92   uldiv.o
        48          0          0          0          0         68   cdcmple.o
        48          0          0          0          0         68   cdrcmple.o
        20          0          0          0          0         68   cfcmple.o
        20          0          0          0          0         68   cfrcmple.o
        56          0          0          0          0         88   d2f.o
       334          0          0          0          0        148   dadd.o
       222          0          0          0          0        100   ddiv.o
       186          0          0          0          0        176   depilogue.o
        48          0          0          0          0         68   dfixul.o
        34          0          0          0          0         76   dflti.o
       228          0          0          0          0         96   dmul.o
        38          0          0          0          0         68   f2d.o
       176          0          0          0          0        140   fadd.o
       124          0          0          0          0         88   fdiv.o
       110          0          0          0          0        168   fepilogue.o
        50          0          0          0          0         68   ffixi.o
        40          0          0          0          0         68   ffixui.o
        18          0          0          0          0         68   fflti.o
        10          0          0          0          0         68   ffltui.o
       100          0          0          0          0         76   fmul.o

    ----------------------------------------------------------------------
      4546        112          0          4          0       2884   Library Totals
         2          0          0          0          0          0   (incl. Padding)

    ----------------------------------------------------------------------

      Code (inc. data)   RO Data    RW Data    ZI Data      Debug   Library Name

      2634        112          0          4          0       1048   mc_w.l
      1910          0          0          0          0       1836   mf_w.l

    ----------------------------------------------------------------------
      4546        112          0          4          0       2884   Library Totals

    ----------------------------------------------------------------------

==============================================================================


      Code (inc. data)   RO Data    RW Data    ZI Data      Debug   

     11692        670       3432         76       2188     345493   Grand Totals
     11692        670       3432         76       2188     345493   ELF Image Totals
     11692        670       3432         76          0          0   ROM Totals

==============================================================================

    Total RO  Size (Code + RO Data)                15124 (  14.77kB)
    Total RW  Size (RW Data + ZI Data)              2264 (   2.21kB)
    Total ROM Size (Code + RO Data + RW Data)      15200 (  14.84kB)

==============================================================================

