<html>
<body>
<pre>
<h1>µVision Build Log</h1>
<h2>Tool Versions:</h2>
IDE-Version: ¦ÌVision V5.14.2
Copyright (C) 2015 ARM Ltd and ARM Germany GmbH. All rights reserved.
License Information: Cortex-M3, HP Inc., LIC=JL28T-RX15U-X7MRZ-J7QN6-CTL5D-7A3KD
 
Tool Versions:
Toolchain:       MDK-ARM Standard  Version: 5.21a
Toolchain Path:  D:\Keil5\ARM\ARMCC\Bin
C Compiler:      Armcc.exe V5.06 update 3 (build 300)
Assembler:       Armasm.exe V5.06 update 3 (build 300)
Linker/Locator:  ArmLink.exe V5.06 update 3 (build 300)
Library Manager: ArmAr.exe V5.06 update 3 (build 300)
Hex Converter:   FromElf.exe V5.06 update 3 (build 300)
CPU DLL:         SARMCM3.DLL V5.21a
Dialog DLL:      DCM.DLL V1.13.8.0
Target DLL:      CMSIS_AGDI.dll V1.26.5.0
Dialog DLL:      TCM.DLL V1.14.14.0
 
<h2>Project:</h2>
D:\MdkCode\ÎÂ¿Ø\Project\BH-F103.uvprojx
Project File Date:  05/29/2021

<h2>Output:</h2>
*** Using Compiler 'V5.06 update 3 (build 300)', folder: 'D:\Keil5\ARM\ARMCC\Bin'
Build target 'Target 1'
compiling mian.c...
..\User\oled\oled.h(24): warning:  #1-D: last line of file ends without a newline
  #endif
..\User\WeiDai\WeiDai.h(83): warning:  #1-D: last line of file ends without a newline
  #endif
..\User\DS18B20\DS18B20.h(35): warning:  #1-D: last line of file ends without a newline
  #endif
..\User\TIM\Tim.h(11): warning:  #1-D: last line of file ends without a newline
  #endif
..\User\JiDianQi\JDQ.h(15): warning:  #1-D: last line of file ends without a newline
  #endif
..\User\mian.c(57): warning:  #167-D: argument of type "char *" is incompatible with parameter of type "unsigned char *"
                OLED_ShowStr(50,0, Temp, 2);
..\User\mian.c(44): warning:  #550-D: variable "flag" was set but never used
        int flag=1;
..\User\mian.c: 7 warnings, 0 errors
linking...
Program Size: Code=11692 RO-data=3432 RW-data=76 ZI-data=2188  
FromELF: creating hex file...
".\Objects\BH-F103.axf" - 0 Error(s), 7 Warning(s).

<h2>Collection of Component include folders:</h2>
  D:\MdkCode\ÎÂ¿Ø\Project\RTE
  D:\Keil5\ARM\PACK\Keil\STM32F1xx_DFP\2.3.0\Device\Include

<h2>Collection of Component Files used:</h2>
</pre>
</body>
</html>
